Component: ARM Compiler 5.06 update 7 (build 960) Tool: armlink [4d3601]

==============================================================================

Section Cross References

    startup_stm32f407xx.o(STACK) refers (Special) to heapauxi.o(.text) for __use_two_region_memory
    startup_stm32f407xx.o(HEAP) refers (Special) to heapauxi.o(.text) for __use_two_region_memory
    startup_stm32f407xx.o(RESET) refers (Special) to heapauxi.o(.text) for __use_two_region_memory
    startup_stm32f407xx.o(RESET) refers to startup_stm32f407xx.o(STACK) for __initial_sp
    startup_stm32f407xx.o(RESET) refers to startup_stm32f407xx.o(.text) for Reset_Handler
    startup_stm32f407xx.o(RESET) refers to stm32f4xx_it.o(i.NMI_Handler) for NMI_Handler
    startup_stm32f407xx.o(RESET) refers to stm32f4xx_it.o(i.HardFault_Handler) for HardFault_Handler
    startup_stm32f407xx.o(RESET) refers to stm32f4xx_it.o(i.MemManage_Handler) for MemManage_Handler
    startup_stm32f407xx.o(RESET) refers to stm32f4xx_it.o(i.BusFault_Handler) for BusFault_Handler
    startup_stm32f407xx.o(RESET) refers to stm32f4xx_it.o(i.UsageFault_Handler) for UsageFault_Handler
    startup_stm32f407xx.o(RESET) refers to stm32f4xx_it.o(i.SVC_Handler) for SVC_Handler
    startup_stm32f407xx.o(RESET) refers to stm32f4xx_it.o(i.DebugMon_Handler) for DebugMon_Handler
    startup_stm32f407xx.o(RESET) refers to stm32f4xx_it.o(i.PendSV_Handler) for PendSV_Handler
    startup_stm32f407xx.o(RESET) refers to stm32f4xx_it.o(i.SysTick_Handler) for SysTick_Handler
    startup_stm32f407xx.o(RESET) refers to usart.o(i.USART1_IRQHandler) for USART1_IRQHandler
    startup_stm32f407xx.o(.text) refers (Special) to heapauxi.o(.text) for __use_two_region_memory
    startup_stm32f407xx.o(.text) refers to system_stm32f4xx.o(i.SystemInit) for SystemInit
    startup_stm32f407xx.o(.text) refers to __main.o(!!!main) for __main
    startup_stm32f407xx.o(.text) refers to startup_stm32f407xx.o(HEAP) for Heap_Mem
    startup_stm32f407xx.o(.text) refers to startup_stm32f407xx.o(STACK) for Stack_Mem
    main.o(i.display_action) refers to _printf_percent.o(.ARM.Collect$$_printf_percent$$00000000) for _printf_percent
    main.o(i.display_action) refers to _printf_s.o(.ARM.Collect$$_printf_percent$$00000014) for _printf_s
    main.o(i.display_action) refers to _printf_str.o(.text) for _printf_str
    main.o(i.display_action) refers to lcd.o(i.lcd_fill) for lcd_fill
    main.o(i.display_action) refers to lcd.o(i.lcd_draw_line) for lcd_draw_line
    main.o(i.display_action) refers to noretval__2sprintf.o(.text) for __2sprintf
    main.o(i.display_action) refers to lcd.o(i.lcd_show_string) for lcd_show_string
    main.o(i.display_action) refers to lcd.o(.bss) for lcddev
    main.o(i.display_action) refers to main.o(.constdata) for action_names
    main.o(i.handle_img_header) refers to _scanf_int.o(.text) for _scanf_int
    main.o(i.handle_img_header) refers to rt_memcpy_v6.o(.text) for __aeabi_memcpy
    main.o(i.handle_img_header) refers to __0sscanf.o(.text) for __0sscanf
    main.o(i.handle_img_header) refers to stm32f4xx_hal_uart.o(i.HAL_UART_AbortReceive_IT) for HAL_UART_AbortReceive_IT
    main.o(i.handle_img_header) refers to stm32f4xx_hal_uart.o(i.HAL_UART_Receive_IT) for HAL_UART_Receive_IT
    main.o(i.handle_img_header) refers to stm32f4xx_hal.o(i.HAL_GetTick) for HAL_GetTick
    main.o(i.handle_img_header) refers to main.o(i.lcd_show_bitmap_1bpp) for lcd_show_bitmap_1bpp
    main.o(i.handle_img_header) refers to lcd.o(.bss) for lcddev
    main.o(i.handle_img_header) refers to usart.o(.data) for g_rx_mode
    main.o(i.handle_img_header) refers to usart.o(.bss) for g_uart1_handle
    main.o(i.key0_init) refers to rt_memclr_w.o(.text) for __aeabi_memclr4
    main.o(i.key0_init) refers to stm32f4xx_hal_gpio.o(i.HAL_GPIO_Init) for HAL_GPIO_Init
    main.o(i.key0_poll) refers to _printf_percent.o(.ARM.Collect$$_printf_percent$$00000000) for _printf_percent
    main.o(i.key0_poll) refers to stm32f4xx_hal_gpio.o(i.HAL_GPIO_ReadPin) for HAL_GPIO_ReadPin
    main.o(i.key0_poll) refers to stm32f4xx_hal.o(i.HAL_GetTick) for HAL_GetTick
    main.o(i.key0_poll) refers to noretval__2printf.o(.text) for __2printf
    main.o(i.key0_poll) refers to main.o(.data) for last
    main.o(i.lcd_show_bitmap_1bpp) refers to lcd.o(i.lcd_color_fill) for lcd_color_fill
    main.o(i.lcd_show_bitmap_1bpp) refers to main.o(.bss) for line
    main.o(i.main) refers to _printf_percent.o(.ARM.Collect$$_printf_percent$$00000000) for _printf_percent
    main.o(i.main) refers to _printf_u.o(.ARM.Collect$$_printf_percent$$0000000A) for _printf_u
    main.o(i.main) refers to _printf_dec.o(.text) for _printf_int_dec
    main.o(i.main) refers to stm32f4xx_hal.o(i.HAL_Init) for HAL_Init
    main.o(i.main) refers to sys.o(i.sys_stm32_clock_init) for sys_stm32_clock_init
    main.o(i.main) refers to delay.o(i.delay_init) for delay_init
    main.o(i.main) refers to usart.o(i.usart_init) for usart_init
[...]
    .ARM.Collect$$rtentry$$00000000          0x08000236   Section        0  __rtentry.o(.ARM.Collect$$rtentry$$00000000)
    .ARM.Collect$$rtentry$$00000002          0x08000236   Section        0  __rtentry2.o(.ARM.Collect$$rtentry$$00000002)
    .ARM.Collect$$rtentry$$00000004          0x08000236   Section        6  __rtentry4.o(.ARM.Collect$$rtentry$$00000004)
    .ARM.Collect$$rtentry$$00000009          0x0800023c   Section        0  __rtentry2.o(.ARM.Collect$$rtentry$$00000009)
    .ARM.Collect$$rtentry$$0000000A          0x0800023c   Section        4  __rtentry2.o(.ARM.Collect$$rtentry$$0000000A)
    .ARM.Collect$$rtentry$$0000000C          0x08000240   Section        0  __rtentry2.o(.ARM.Collect$$rtentry$$0000000C)
    .ARM.Collect$$rtentry$$0000000D          0x08000240   Section        8  __rtentry2.o(.ARM.Collect$$rtentry$$0000000D)
    .ARM.Collect$$rtexit$$00000000           0x08000248   Section        2  rtexit.o(.ARM.Collect$$rtexit$$00000000)
    .ARM.Collect$$rtexit$$00000002           0x0800024a   Section        0  rtexit2.o(.ARM.Collect$$rtexit$$00000002)
    .ARM.Collect$$rtexit$$00000003           0x0800024a   Section        4  rtexit2.o(.ARM.Collect$$rtexit$$00000003)
    .ARM.Collect$$rtexit$$00000004           0x0800024e   Section        6  rtexit2.o(.ARM.Collect$$rtexit$$00000004)
    .text                                    0x08000254   Section       76  startup_stm32f407xx.o(.text)
    $v0                                      0x08000254   Number         0  startup_stm32f407xx.o(.text)
    .text                                    0x080002a0   Section        2  use_no_semi_2.o(.text)
    .text                                    0x080002a2   Section      238  lludivv7m.o(.text)
    .text                                    0x08000390   Section        0  noretval__2printf.o(.text)
    .text                                    0x080003a8   Section        0  noretval__2sprintf.o(.text)
    .text                                    0x080003d0   Section        0  __printf.o(.text)
    .text                                    0x08000438   Section        0  _printf_str.o(.text)
    .text                                    0x0800048c   Section        0  _printf_dec.o(.text)
    .text                                    0x08000504   Section        0  _printf_hex_int.o(.text)
    .text                                    0x0800055c   Section        0  __0sscanf.o(.text)
    .text                                    0x08000598   Section        0  _scanf_int.o(.text)
    .text                                    0x080006e4   Section        0  strstr.o(.text)
    .text                                    0x08000708   Section        0  memcmp.o(.text)
    .text                                    0x08000760   Section        0  strlen.o(.text)
    .text                                    0x0800079e   Section        0  strncmp.o(.text)
    .text                                    0x08000834   Section      138  rt_memcpy_v6.o(.text)
    .text                                    0x080008be   Section       78  rt_memclr_w.o(.text)
    .text                                    0x0800090c   Section        0  heapauxi.o(.text)
    .text                                    0x08000912   Section        2  use_no_semi.o(.text)
    .text                                    0x08000914   Section        0  _printf_intcommon.o(.text)
    .text                                    0x080009c8   Section        0  _printf_char_common.o(.text)
    _printf_input_char                       0x080009c9   Thumb Code    10  _printf_char_common.o(.text)
    .text                                    0x080009f8   Section        0  _sputc.o(.text)
    .text                                    0x08000a02   Section        0  _printf_char.o(.text)
    .text                                    0x08000a30   Section        0  _printf_char_file.o(.text)
    .text                                    0x08000a54   Section        0  _chval.o(.text)
    .text                                    0x08000a70   Section        0  scanf_char.o(.text)
    _scanf_char_input                        0x08000a71   Thumb Code    12  scanf_char.o(.text)
    .text                                    0x08000a9c   Section        0  _sgetc.o(.text)
    .text                                    0x08000adc   Section      100  rt_memcpy_w.o(.text)
    .text                                    0x08000b40   Section        0  isspace.o(.text)
    .text                                    0x08000b54   Section        0  _scanf.o(.text)
    .text                                    0x08000ec8   Section        0  ferror.o(.text)
    .text                                    0x08000ed0   Section       74  sys_stackheap_outer.o(.text)
    .text                                    0x08000f1c   Section       16  rt_ctype_table.o(.text)
    .text                                    0x08000f2c   Section        0  exit.o(.text)
    .text                                    0x08000f40   Section        8  libspace.o(.text)
    .text                                    0x08000f48   Section        8  rt_locale_intlibspace.o(.text)
    .text                                    0x08000f50   Section      128  strcmpv7m.o(.text)
    i.BusFault_Handler                       0x08000fd0   Section        0  stm32f4xx_it.o(i.BusFault_Handler)
    i.DebugMon_Handler                       0x08000fd4   Section        0  stm32f4xx_it.o(i.DebugMon_Handler)
    i.FSMC_NORSRAM_Extended_Timing_Init      0x08000fd8   Section        0  stm32f4xx_ll_fsmc.o(i.FSMC_NORSRAM_Extended_Timing_Init)
    i.FSMC_NORSRAM_Init                      0x08001020   Section        0  stm32f4xx_ll_fsmc.o(i.FSMC_NORSRAM_Init)
    i.FSMC_NORSRAM_Timing_Init               0x0800107c   Section        0  stm32f4xx_ll_fsmc.o(i.FSMC_NORSRAM_Timing_Init)
    i.HAL_DMA_Abort                          0x080010c0   Section        0  stm32f4xx_hal_dma.o(i.HAL_DMA_Abort)
    i.HAL_DMA_Abort_IT                       0x0800116a   Section        0  stm32f4xx_hal_dma.o(i.HAL_DMA_Abort_IT)
    i.HAL_GPIO_Init                          0x08001194   Section        0  stm32f4xx_hal_gpio.o(i.HAL_GPIO_Init)
    i.HAL_GPIO_ReadPin                       0x08001398   Section        0  stm32f4xx_hal_gpio.o(i.HAL_GPIO_ReadPin)
    i.HAL_GPIO_WritePin                      0x080013a8   Section        0  stm32f4xx_hal_gpio.o(i.HAL_GPIO_WritePin)
    i.HAL_GetREVID                           0x080013b4   Section        0  stm32f4xx_hal.o(i.HAL_GetREVID)
    i.HAL_GetTick                            0x080013c0   Section        0  stm32f4xx_hal.o(i.HAL_GetTick)
    i.HAL_IncTick                            0x080013cc   Section        0  stm32f4xx_hal.o(i.HAL_IncTick)
    i.HAL_Init                               0x080013e4   Section        0  stm32f4xx_hal.o(i.HAL_Init)
    i.HAL_InitTick                           0x08001414   Section        0  stm32f4xx_hal.o(i.HAL_InitTick)
    i.HAL_MspInit                            0x08001460   Section        0  stm32f4xx_hal.o(i.HAL_MspInit)
    i.HAL_NVIC_EnableIRQ                     0x08001462   Section        0  stm32f4xx_hal_cortex.o(i.HAL_NVIC_EnableIRQ)
    i.HAL_NVIC_SetPriority                   0x08001482   Section        0  stm32f4xx_hal_cortex.o(i.HAL_NVIC_SetPriority)
    i.HAL_NVIC_SetPriorityGrouping           0x08001500   Section        0  stm32f4xx_hal_cortex.o(i.HAL_NVIC_SetPriorityGrouping)
    i.HAL_RCC_ClockConfig                    0x08001528   Section        0  stm32f4xx_hal_rcc.o(i.HAL_RCC_ClockConfig)
    i.HAL_RCC_GetHCLKFreq                    0x080016ac   Section        0  stm32f4xx_hal_rcc.o(i.HAL_RCC_GetHCLKFreq)
    i.HAL_RCC_GetPCLK1Freq                   0x080016b8   Section        0  stm32f4xx_hal_rcc.o(i.HAL_RCC_GetPCLK1Freq)
    i.HAL_RCC_GetPCLK2Freq                   0x080016d8   Section        0  stm32f4xx_hal_rcc.o(i.HAL_RCC_GetPCLK2Freq)
    i.HAL_RCC_GetSysClockFreq                0x080016f8   Section        0  stm32f4xx_hal_rcc.o(i.HAL_RCC_GetSysClockFreq)
    i.HAL_RCC_OscConfig                      0x080017a8   Section        0  stm32f4xx_hal_rcc.o(i.HAL_RCC_OscConfig)
    i.HAL_SRAM_Init                          0x08001c44   Section        0  stm32f4xx_hal_sram.o(i.HAL_SRAM_Init)
    i.HAL_SRAM_MspInit                       0x08001c9c   Section        0  lcd.o(i.HAL_SRAM_MspInit)
    i.HAL_SYSTICK_Config                     0x08001d40   Section        0  stm32f4xx_hal_cortex.o(i.HAL_SYSTICK_Config)
    i.HAL_UARTEx_RxEventCallback             0x08001d74   Section        0  stm32f4xx_hal_uart.o(i.HAL_UARTEx_RxEventCallback)
    i.HAL_UART_AbortReceiveCpltCallback      0x08001d76   Section        0  stm32f4xx_hal_uart.o(i.HAL_UART_AbortReceiveCpltCallback)
    i.HAL_UART_AbortReceive_IT               0x08001d78   Section        0  stm32f4xx_hal_uart.o(i.HAL_UART_AbortReceive_IT)
    i.HAL_UART_ErrorCallback                 0x08001e0c   Section        0  stm32f4xx_hal_uart.o(i.HAL_UART_ErrorCallback)
    i.HAL_UART_IRQHandler                    0x08001e10   Section        0  stm32f4xx_hal_uart.o(i.HAL_UART_IRQHandler)
    i.HAL_UART_Init                          0x08002060   Section        0  stm32f4xx_hal_uart.o(i.HAL_UART_Init)
    i.HAL_UART_MspInit                       0x080020d4   Section        0  usart.o(i.HAL_UART_MspInit)
    i.HAL_UART_Receive_IT                    0x080021a0   Section        0  stm32f4xx_hal_uart.o(i.HAL_UART_Receive_IT)
    i.HAL_UART_RxCpltCallback                0x080021e4   Section        0  usart.o(i.HAL_UART_RxCpltCallback)
    i.HAL_UART_TxCpltCallback                0x08002298   Section        0  stm32f4xx_hal_uart.o(i.HAL_UART_TxCpltCallback)
    i.HardFault_Handler                      0x0800229a   Section        0  stm32f4xx_it.o(i.HardFault_Handler)
    i.MemManage_Handler                      0x0800229e   Section        0  stm32f4xx_it.o(i.MemManage_Handler)
    i.NMI_Handler                            0x080022a2   Section        0  stm32f4xx_it.o(i.NMI_Handler)
    i.PendSV_Handler                         0x080022a4   Section        0  stm32f4xx_it.o(i.PendSV_Handler)
    i.SVC_Handler                            0x080022a6   Section        0  stm32f4xx_it.o(i.SVC_Handler)
    i.SysTick_Handler                        0x080022a8   Section        0  stm32f4xx_it.o(i.SysTick_Handler)
    i.SystemInit                             0x080022b0   Section        0  system_stm32f4xx.o(i.SystemInit)
    i.UART_DMAAbortOnError                   0x080022c4   Section        0  stm32f4xx_hal_uart.o(i.UART_DMAAbortOnError)
    UART_DMAAbortOnError                     0x080022c5   Thumb Code    20  stm32f4xx_hal_uart.o(i.UART_DMAAbortOnError)
    i.UART_DMARxOnlyAbortCallback            0x080022d8   Section        0  stm32f4xx_hal_uart.o(i.UART_DMARxOnlyAbortCallback)
    UART_DMARxOnlyAbortCallback              0x080022d9   Thumb Code    28  stm32f4xx_hal_uart.o(i.UART_DMARxOnlyAbortCallback)
    i.UART_EndRxTransfer                     0x080022f4   Section        0  stm32f4xx_hal_uart.o(i.UART_EndRxTransfer)
    UART_EndRxTransfer                       0x080022f5   Thumb Code    54  stm32f4xx_hal_uart.o(i.UART_EndRxTransfer)
    i.UART_EndTransmit_IT                    0x0800232a   Section        0  stm32f4xx_hal_uart.o(i.UART_EndTransmit_IT)
    UART_EndTransmit_IT                      0x0800232b   Thumb Code    32  stm32f4xx_hal_uart.o(i.UART_EndTransmit_IT)
    i.UART_Receive_IT                        0x0800234a   Section        0  stm32f4xx_hal_uart.o(i.UART_Receive_IT)
    UART_Receive_IT                          0x0800234b   Thumb Code   190  stm32f4xx_hal_uart.o(i.UART_Receive_IT)
    i.UART_SetConfig                         0x08002408   Section        0  stm32f4xx_hal_uart.o(i.UART_SetConfig)
    UART_SetConfig                           0x08002409   Thumb Code   546  stm32f4xx_hal_uart.o(i.UART_SetConfig)
    i.UART_Start_Receive_IT                  0x08002634   Section        0  stm32f4xx_hal_uart.o(i.UART_Start_Receive_IT)
    i.UART_Transmit_IT                       0x0800267a   Section        0  stm32f4xx_hal_uart.o(i.UART_Transmit_IT)
    UART_Transmit_IT                         0x0800267b   Thumb Code    96  stm32f4xx_hal_uart.o(i.UART_Transmit_IT)
    i.USART1_IRQHandler                      0x080026dc   Section        0  usart.o(i.USART1_IRQHandler)
    i.UsageFault_Handler                     0x080026ec   Section        0  stm32f4xx_it.o(i.UsageFault_Handler)
    i.__NVIC_GetPriorityGrouping             0x080026f0   Section        0  stm32f4xx_hal_cortex.o(i.__NVIC_GetPriorityGrouping)
    __NVIC_GetPriorityGrouping               0x080026f1   Thumb Code    10  stm32f4xx_hal_cortex.o(i.__NVIC_GetPriorityGrouping)
    i.__NVIC_SetPriority                     0x08002700   Section        0  stm32f4xx_hal_cortex.o(i.__NVIC_SetPriority)
    __NVIC_SetPriority                       0x08002701   Thumb Code    32  stm32f4xx_hal_cortex.o(i.__NVIC_SetPriority)
    i._sys_exit                              0x08002728   Section        0  usart.o(i._sys_exit)
    i.delay_init                             0x0800272c   Section        0  delay.o(i.delay_init)
    i.delay_ms                               0x08002738   Section        0  delay.o(i.delay_ms)
    i.delay_us                               0x0800274c   Section        0  delay.o(i.delay_us)
    i.display_action                         0x08002794   Section        0  main.o(i.display_action)
    display_action                           0x08002795   Thumb Code   440  main.o(i.display_action)
    i.fputc                                  0x0800295c   Section        0  usart.o(i.fputc)
    i.handle_img_header                      0x08002978   Section        0  main.o(i.handle_img_header)
    handle_img_header                        0x08002979   Thumb Code   284  main.o(i.handle_img_header)
    i.hex_value                              0x08002acc   Section        0  main.o(i.hex_value)
    hex_value                                0x08002acd   Thumb Code    50  main.o(i.hex_value)
    i.key0_init                              0x08002b00   Section        0  main.o(i.key0_init)
    key0_init                                0x08002b01   Thumb Code    72  main.o(i.key0_init)
    i.key0_poll                              0x08002b50   Section        0  main.o(i.key0_poll)
    key0_poll                                0x08002b51   Thumb Code    82  main.o(i.key0_poll)
    i.lcd_clear                              0x08002bcc   Section        0  lcd.o(i.lcd_clear)
    i.lcd_color_fill                         0x08002c00   Section        0  lcd.o(i.lcd_color_fill)
    i.lcd_display_dir                        0x08002c60   Section        0  lcd.o(i.lcd_display_dir)
    i.lcd_draw_circle                        0x08002dcc   Section        0  lcd.o(i.lcd_draw_circle)
    i.lcd_draw_hline                         0x08002e78   Section        0  lcd.o(i.lcd_draw_hline)
    i.lcd_draw_line                          0x08002eb0   Section        0  lcd.o(i.lcd_draw_line)
    i.lcd_draw_point                         0x08002f5c   Section        0  lcd.o(i.lcd_draw_point)
    i.lcd_ex_ili9341_reginit                 0x08002f7c   Section        0  lcd.o(i.lcd_ex_ili9341_reginit)
    i.lcd_ex_ili9806_reginit                 0x080031a8   Section        0  lcd.o(i.lcd_ex_ili9806_reginit)
    i.lcd_ex_nt35310_reginit                 0x080034e8   Section        0  lcd.o(i.lcd_ex_nt35310_reginit)
    i.lcd_ex_nt35510_reginit                 0x080043da   Section        0  lcd.o(i.lcd_ex_nt35510_reginit)
    i.lcd_ex_ssd1963_reginit                 0x08005348   Section        0  lcd.o(i.lcd_ex_ssd1963_reginit)
    i.lcd_ex_st7789_reginit                  0x080054b6   Section        0  lcd.o(i.lcd_ex_st7789_reginit)
    i.lcd_ex_st7796_reginit                  0x0800565e   Section        0  lcd.o(i.lcd_ex_st7796_reginit)
    i.lcd_fill                               0x08005824   Section        0  lcd.o(i.lcd_fill)
    i.lcd_fill_circle                        0x08005878   Section        0  lcd.o(i.lcd_fill_circle)
    i.lcd_init                               0x08005928   Section        0  lcd.o(i.lcd_init)
    i.lcd_opt_delay                          0x08005e50   Section        0  lcd.o(i.lcd_opt_delay)
    lcd_opt_delay                            0x08005e51   Thumb Code    12  lcd.o(i.lcd_opt_delay)
    i.lcd_rd_data                            0x08005e5c   Section        0  lcd.o(i.lcd_rd_data)
    lcd_rd_data                              0x08005e5d   Thumb Code    20  lcd.o(i.lcd_rd_data)
    i.lcd_scan_dir                           0x08005e74   Section        0  lcd.o(i.lcd_scan_dir)
    i.lcd_set_cursor                         0x080060b0   Section        0  lcd.o(i.lcd_set_cursor)
    i.lcd_show_bitmap_1bpp                   0x080061d0   Section        0  main.o(i.lcd_show_bitmap_1bpp)
    lcd_show_bitmap_1bpp                     0x080061d1   Thumb Code   148  main.o(i.lcd_show_bitmap_1bpp)
    i.lcd_show_char                          0x08006268   Section        0  lcd.o(i.lcd_show_char)
    i.lcd_show_string                        0x080063a8   Section        0  lcd.o(i.lcd_show_string)
    i.lcd_ssd_backlight_set                  0x08006414   Section        0  lcd.o(i.lcd_ssd_backlight_set)
    i.lcd_wr_data                            0x08006474   Section        0  lcd.o(i.lcd_wr_data)
    i.lcd_wr_regno                           0x0800648c   Section        0  lcd.o(i.lcd_wr_regno)
    i.lcd_write_ram_prepare                  0x080064a4   Section        0  lcd.o(i.lcd_write_ram_prepare)
    i.lcd_write_reg                          0x080064b8   Section        0  lcd.o(i.lcd_write_reg)
    i.led_init                               0x080064cc   Section        0  led.o(i.led_init)
    i.main                                   0x08006564   Section        0  main.o(i.main)
    i.parse_and_display                      0x08006688   Section        0  main.o(i.parse_and_display)
    parse_and_display                        0x08006689   Thumb Code   172  main.o(i.parse_and_display)
    i.process_frame                          0x08006750   Section        0  main.o(i.process_frame)
    process_frame                            0x08006751   Thumb Code   704  main.o(i.process_frame)
    i.sys_stm32_clock_init                   0x08006a54   Section        0  sys.o(i.sys_stm32_clock_init)
    i.usart_init                             0x08006b30   Section        0  usart.o(i.usart_init)
    locale$$code                             0x08006b68   Section       44  lc_ctype_c.o(locale$$code)
    x$fpl$dfixu                              0x08006b94   Section       90  dfixu.o(x$fpl$dfixu)
    $v0                                      0x08006b94   Number         0  dfixu.o(x$fpl$dfixu)
    x$fpl$dfltu                              0x08006bee   Section       38  dflt_clz.o(x$fpl$dfltu)
    $v0                                      0x08006bee   Number         0  dflt_clz.o(x$fpl$dfltu)
    x$fpl$dmul                               0x08006c14   Section      340  dmul.o(x$fpl$dmul)
    $v0                                      0x08006c14   Number         0  dmul.o(x$fpl$dmul)
    x$fpl$dnaninf                            0x08006d68   Section      156  dnaninf.o(x$fpl$dnaninf)
    $v0                                      0x08006d68   Number         0  dnaninf.o(x$fpl$dnaninf)
    x$fpl$dretinf                            0x08006e04   Section       12  dretinf.o(x$fpl$dretinf)
    $v0                                      0x08006e04   Number         0  dretinf.o(x$fpl$dretinf)
    x$fpl$fpinit                             0x08006e10   Section       10  fpinit.o(x$fpl$fpinit)
    $v0                                      0x08006e10   Number         0  fpinit.o(x$fpl$fpinit)
    x$fpl$usenofp                            0x08006e1a   Section        0  usenofp.o(x$fpl$usenofp)
    .constdata                               0x08006e1c   Section       24  main.o(.constdata)
    action_names                             0x08006e1c   Data          24  main.o(.constdata)
    .constdata                               0x08006e34   Section       24  system_stm32f4xx.o(.constdata)
    .constdata                               0x08006e4c   Section    12160  lcd.o(.constdata)
    .constdata                               0x08009dcc   Section       40  _printf_hex_int.o(.constdata)
    uc_hextab                                0x08009dcc   Data          20  _printf_hex_int.o(.constdata)
    lc_hextab                                0x08009de0   Data          20  _printf_hex_int.o(.constdata)
    .conststring                             0x08009df4   Section       46  main.o(.conststring)
    locale$$data                             0x08009e44   Section      272  lc_ctype_c.o(locale$$data)
    __lcctype_c_name                         0x08009e48   Data           2  lc_ctype_c.o(locale$$data)
    __lcctype_c_start                        0x08009e50   Data           0  lc_ctype_c.o(locale$$data)
    __lcctype_c_end                          0x08009f54   Data           0  lc_ctype_c.o(locale$$data)
    .data                                    0x20000000   Section        8  main.o(.data)
    stable                                   0x20000000   Data           1  main.o(.data)
    last                                     0x20000001   Data           1  main.o(.data)
    tick                                     0x20000004   Data           4  main.o(.data)
    .data                                    0x20000008   Section        4  system_stm32f4xx.o(.data)
    .data                                    0x2000000c   Section        4  delay.o(.data)
    g_fac_us                                 0x2000000c   Data           4  delay.o(.data)
    .data                                    0x20000010   Section        9  usart.o(.data)
    .data                                    0x2000001c   Section        9  stm32f4xx_hal.o(.data)
    .data                                    0x20000028   Section        8  lcd.o(.data)
    .bss                                     0x20000030   Section      960  main.o(.bss)
    line                                     0x20000030   Data         960  main.o(.bss)
    .bss                                     0x200003f0   Section     6412  usart.o(.bss)
    .bss                                     0x20001cfc   Section       94  lcd.o(.bss)
    .bss                                     0x20001d5c   Section       96  libspace.o(.bss)
    HEAP                                     0x20001dc0   Section        0  startup_stm32f407xx.o(HEAP)
    STACK                                    0x20001dc0   Section     1024  startup_stm32f407xx.o(STACK)
    Heap_Mem                                 0x20001dc0   Data           0  startup_stm32f407xx.o(HEAP)
    Stack_Mem                                0x20001dc0   Data        1024  startup_stm32f407xx.o(STACK)
    __initial_sp                             0x200021c0   Data           0  startup_stm32f407xx.o(STACK)

    Global Symbols

    Symbol Name                              Value     Ov Type        Size  Object(Section)

    BuildAttributes$$THM_ISAv4$E$P$D$K$B$S$7EM$VFPi3$EXTD16$VFPS$VFMA$PE$A:L22UL41UL21$X:L11$S22US41US21$IEEE1$IW$USESV6$~STKCKD$USESV7$~SHL$OSPACE$ROPI$EBA8$UX$STANDARDLIB$REQ8$PRES8$EABIv2 0x00000000   Number         0  anon$$obj.o ABSOLUTE
    __ARM_use_no_argv                        0x00000000   Number         0  main.o ABSOLUTE
    __ARM_exceptions_init                     - Undefined Weak Reference
    __alloca_initialize                       - Undefined Weak Reference
    __arm_fini_                               - Undefined Weak Reference
    __arm_preinit_                            - Undefined Weak Reference
    __cpp_initialize__aeabi_                  - Undefined Weak Reference
    __cxa_finalize                            - Undefined Weak Reference
    __sigvec_lookup                           - Undefined Weak Reference
    _atexit_init                              - Undefined Weak Reference
    _call_atexit_fns                          - Undefined Weak Reference
    _clock_init                               - Undefined Weak Reference
    _fp_trap_init                             - Undefined Weak Reference
    _fp_trap_shutdown                         - Undefined Weak Reference
    _get_lc_collate                           - Undefined Weak Reference
    _get_lc_monetary                          - Undefined Weak Reference
    _get_lc_numeric                           - Undefined Weak Reference
    _get_lc_time                              - Undefined Weak Reference
    _getenv_init                              - Undefined Weak Reference
    _handle_redirection                       - Undefined Weak Reference
    _init_alloc                               - Undefined Weak Reference
    _init_user_alloc                          - Undefined Weak Reference
    _initio                                   - Undefined Weak Reference
    _mutex_acquire                            - Undefined Weak Reference
    _mutex_release                            - Undefined Weak Reference
    _printf_mbtowc                            - Undefined Weak Reference
    _printf_post_padding                      - Undefined Weak Reference
    _printf_pre_padding                       - Undefined Weak Reference
    _printf_truncate_signed                   - Undefined Weak Reference
    _printf_truncate_unsigned                 - Undefined Weak Reference
    _rand_init                                - Undefined Weak Reference
    _scanf_longlong                           - Undefined Weak Reference
    _scanf_mbtowc                             - Undefined Weak Reference
    _scanf_real                               - Undefined Weak Reference
    _scanf_string                             - Undefined Weak Reference
    _scanf_wctomb                             - Undefined Weak Reference
    _scanf_wstring                            - Undefined Weak Reference
    _signal_finish                            - Undefined Weak Reference
    _signal_init                              - Undefined Weak Reference
    _terminate_alloc                          - Undefined Weak Reference
    _terminate_user_alloc                     - Undefined Weak Reference
    _terminateio                              - Undefined Weak Reference
    __Vectors_Size                           0x00000188   Number         0  startup_stm32f407xx.o ABSOLUTE
    __Vectors                                0x08000000   Data           4  startup_stm32f407xx.o(RESET)
    __Vectors_End                            0x08000188   Data           0  startup_stm32f407xx.o(RESET)
    __main                                   0x08000189   Thumb Code     8  __main.o(!!!main)
    __scatterload                            0x08000191   Thumb Code     0  __scatter.o(!!!scatter)
    __scatterload_rt2                        0x08000191   Thumb Code    44  __scatter.o(!!!scatter)
    __scatterload_rt2_thumb_only             0x08000191   Thumb Code     0  __scatter.o(!!!scatter)
    __scatterload_null                       0x0800019f   Thumb Code     0  __scatter.o(!!!scatter)
    __scatterload_copy                       0x080001c5   Thumb Code    26  __scatter_copy.o(!!handler_copy)
    __scatterload_zeroinit                   0x080001e1   Thumb Code    28  __scatter_zi.o(!!handler_zi)
    _printf_percent                          0x080001fd   Thumb Code     0  _printf_percent.o(.ARM.Collect$$_printf_percent$$00000000)
    _printf_u                                0x080001fd   Thumb Code     0  _printf_u.o(.ARM.Collect$$_printf_percent$$0000000A)
    _printf_x                                0x08000203   Thumb Code     0  _printf_x.o(.ARM.Collect$$_printf_percent$$0000000C)
    _printf_c                                0x08000209   Thumb Code     0  _printf_c.o(.ARM.Collect$$_printf_percent$$00000013)
    _printf_s                                0x0800020f   Thumb Code     0  _printf_s.o(.ARM.Collect$$_printf_percent$$00000014)
    _printf_percent_end                      0x08000215   Thumb Code     0  _printf_percent_end.o(.ARM.Collect$$_printf_percent$$00000017)
    __rt_lib_init                            0x08000219   Thumb Code     0  libinit.o(.ARM.Collect$$libinit$$00000000)
    __rt_lib_init_fp_1                       0x0800021b   Thumb Code     0  libinit2.o(.ARM.Collect$$libinit$$00000001)
    __rt_lib_init_heap_1                     0x0800021f   Thumb Code     0  libinit2.o(.ARM.Collect$$libinit$$0000000A)
    __rt_lib_init_lc_common                  0x0800021f   Thumb Code     0  libinit2.o(.ARM.Collect$$libinit$$0000000F)
    __rt_lib_init_preinit_1                  0x0800021f   Thumb Code     0  libinit2.o(.ARM.Collect$$libinit$$00000004)
    __rt_lib_init_rand_1                     0x0800021f   Thumb Code     0  libinit2.o(.ARM.Collect$$libinit$$0000000E)
    __rt_lib_init_user_alloc_1               0x0800021f   Thumb Code     0  libinit2.o(.ARM.Collect$$libinit$$0000000C)
    __rt_lib_init_lc_collate_1               0x08000225   Thumb Code     0  libinit2.o(.ARM.Collect$$libinit$$00000011)
    __rt_lib_init_lc_ctype_2                 0x08000225   Thumb Code     0  libinit2.o(.ARM.Collect$$libinit$$00000012)
    __rt_lib_init_alloca_1                   0x08000231   Thumb Code     0  libinit2.o(.ARM.Collect$$libinit$$0000002E)
    __rt_lib_init_argv_1                     0x08000231   Thumb Code     0  libinit2.o(.ARM.Collect$$libinit$$0000002C)
    __rt_lib_init_atexit_1                   0x08000231   Thumb Code     0  libinit2.o(.ARM.Collect$$libinit$$0000001B)
    __rt_lib_init_clock_1                    0x08000231   Thumb Code     0  libinit2.o(.ARM.Collect$$libinit$$00000021)
    __rt_lib_init_cpp_1                      0x08000231   Thumb Code     0  libinit2.o(.ARM.Collect$$libinit$$00000032)
    __rt_lib_init_exceptions_1               0x08000231   Thumb Code     0  libinit2.o(.ARM.Collect$$libinit$$00000030)
    __rt_lib_init_fp_trap_1                  0x08000231   Thumb Code     0  libinit2.o(.ARM.Collect$$libinit$$0000001F)
    __rt_lib_init_getenv_1                   0x08000231   Thumb Code     0  libinit2.o(.ARM.Collect$$libinit$$00000023)
    __rt_lib_init_lc_ctype_1                 0x08000231   Thumb Code     0  libinit2.o(.ARM.Collect$$libinit$$00000013)
    __rt_lib_init_lc_monetary_1              0x08000231   Thumb Code     0  libinit2.o(.ARM.Collect$$libinit$$00000015)
    __rt_lib_init_lc_numeric_1               0x08000231   Thumb Code     0  libinit2.o(.ARM.Collect$$libinit$$00000017)
    __rt_lib_init_lc_time_1                  0x08000231   Thumb Code     0  libinit2.o(.ARM.Collect$$libinit$$00000019)
    __rt_lib_init_return                     0x08000231   Thumb Code     0  libinit2.o(.ARM.Collect$$libinit$$00000033)
    __rt_lib_init_signal_1                   0x08000231   Thumb Code     0  libinit2.o(.ARM.Collect$$libinit$$0000001D)
    __rt_lib_init_stdio_1                    0x08000231   Thumb Code     0  libinit2.o(.ARM.Collect$$libinit$$00000025)
    __rt_lib_shutdown                        0x08000233   Thumb Code     0  libshutdown.o(.ARM.Collect$$libshutdown$$00000000)
    __rt_lib_shutdown_cpp_1                  0x08000235   Thumb Code     0  libshutdown2.o(.ARM.Collect$$libshutdown$$00000004)
    __rt_lib_shutdown_fini_1                 0x08000235   Thumb Code     0  libshutdown2.o(.ARM.Collect$$libshutdown$$00000002)
    __rt_lib_shutdown_fp_trap_1              0x08000235   Thumb Code     0  libshutdown2.o(.ARM.Collect$$libshutdown$$00000009)
    __rt_lib_shutdown_heap_1                 0x08000235   Thumb Code     0  libshutdown2.o(.ARM.Collect$$libshutdown$$00000011)
    __rt_lib_shutdown_return                 0x08000235   Thumb Code     0  libshutdown2.o(.ARM.Collect$$libshutdown$$00000012)
    __rt_lib_shutdown_signal_1               0x08000235   Thumb Code     0  libshutdown2.o(.ARM.Collect$$libshutdown$$0000000C)
    __rt_lib_shutdown_stdio_1                0x08000235   Thumb Code     0  libshutdown2.o(.ARM.Collect$$libshutdown$$00000006)
    __rt_lib_shutdown_user_alloc_1           0x08000235   Thumb Code     0  libshutdown2.o(.ARM.Collect$$libshutdown$$0000000E)
    __rt_entry                               0x08000237   Thumb Code     0  __rtentry.o(.ARM.Collect$$rtentry$$00000000)
    __rt_entry_presh_1                       0x08000237   Thumb Code     0  __rtentry2.o(.ARM.Collect$$rtentry$$00000002)
    __rt_entry_sh                            0x08000237   Thumb Code     0  __rtentry4.o(.ARM.Collect$$rtentry$$00000004)
    __rt_entry_li                            0x0800023d   Thumb Code     0  __rtentry2.o(.ARM.Collect$$rtentry$$0000000A)
    __rt_entry_postsh_1                      0x0800023d   Thumb Code     0  __rtentry2.o(.ARM.Collect$$rtentry$$00000009)
    __rt_entry_main                          0x08000241   Thumb Code     0  __rtentry2.o(.ARM.Collect$$rtentry$$0000000D)
    __rt_entry_postli_1                      0x08000241   Thumb Code     0  __rtentry2.o(.ARM.Collect$$rtentry$$0000000C)
    __rt_exit                                0x08000249   Thumb Code     0  rtexit.o(.ARM.Collect$$rtexit$$00000000)
    __rt_exit_ls                             0x0800024b   Thumb Code     0  rtexit2.o(.ARM.Collect$$rtexit$$00000003)
    __rt_exit_prels_1                        0x0800024b   Thumb Code     0  rtexit2.o(.ARM.Collect$$rtexit$$00000002)
    __rt_exit_exit                           0x0800024f   Thumb Code     0  rtexit2.o(.ARM.Collect$$rtexit$$00000004)
    Reset_Handler                            0x08000255   Thumb Code    18  startup_stm32f407xx.o(.text)
    ADC_IRQHandler                           0x08000279   Thumb Code     0  startup_stm32f407xx.o(.text)
    CAN1_RX0_IRQHandler                      0x08000279   Thumb Code     0  startup_stm32f407xx.o(.text)
    CAN1_RX1_IRQHandler                      0x08000279   Thumb Code     0  startup_stm32f407xx.o(.text)
    CAN1_SCE_IRQHandler                      0x08000279   Thumb Code     0  startup_stm32f407xx.o(.text)
    CAN1_TX_IRQHandler                       0x08000279   Thumb Code     0  startup_stm32f407xx.o(.text)
    CAN2_RX0_IRQHandler                      0x08000279   Thumb Code     0  startup_stm32f407xx.o(.text)
    CAN2_RX1_IRQHandler                      0x08000279   Thumb Code     0  startup_stm32f407xx.o(.text)
    CAN2_SCE_IRQHandler                      0x08000279   Thumb Code     0  startup_stm32f407xx.o(.text)
    CAN2_TX_IRQHandler                       0x08000279   Thumb Code     0  startup_stm32f407xx.o(.text)
    DCMI_IRQHandler                          0x08000279   Thumb Code     0  startup_stm32f407xx.o(.text)
    DMA1_Stream0_IRQHandler                  0x08000279   Thumb Code     0  startup_stm32f407xx.o(.text)
    DMA1_Stream1_IRQHandler                  0x08000279   Thumb Code     0  startup_stm32f407xx.o(.text)
    DMA1_Stream2_IRQHandler                  0x08000279   Thumb Code     0  startup_stm32f407xx.o(.text)
    DMA1_Stream3_IRQHandler                  0x08000279   Thumb Code     0  startup_stm32f407xx.o(.text)
    DMA1_Stream4_IRQHandler                  0x08000279   Thumb Code     0  startup_stm32f407xx.o(.text)
    DMA1_Stream5_IRQHandler                  0x08000279   Thumb Code     0  startup_stm32f407xx.o(.text)
    DMA1_Stream6_IRQHandler                  0x08000279   Thumb Code     0  startup_stm32f407xx.o(.text)
    DMA1_Stream7_IRQHandler                  0x08000279   Thumb Code     0  startup_stm32f407xx.o(.text)
    DMA2_Stream0_IRQHandler                  0x08000279   Thumb Code     0  startup_stm32f407xx.o(.text)
    DMA2_Stream1_IRQHandler                  0x08000279   Thumb Code     0  startup_stm32f407xx.o(.text)
    DMA2_Stream2_IRQHandler                  0x08000279   Thumb Code     0  startup_stm32f407xx.o(.text)
    DMA2_Stream3_IRQHandler                  0x08000279   Thumb Code     0  startup_stm32f407xx.o(.text)
    DMA2_Stream4_IRQHandler                  0x08000279   Thumb Code     0  startup_stm32f407xx.o(.text)
    DMA2_Stream5_IRQHandler                  0x08000279   Thumb Code     0  startup_stm32f407xx.o(.text)
    DMA2_Stream6_IRQHandler                  0x08000279   Thumb Code     0  startup_stm32f407xx.o(.text)
    DMA2_Stream7_IRQHandler                  0x08000279   Thumb Code     0  startup_stm32f407xx.o(.text)
    ETH_IRQHandler                           0x08000279   Thumb Code     0  startup_stm32f407xx.o(.text)
    ETH_WKUP_IRQHandler                      0x08000279   Thumb Code     0  startup_stm32f407xx.o(.text)
    EXTI0_IRQHandler                         0x08000279   Thumb Code     0  startup_stm32f407xx.o(.text)
    EXTI15_10_IRQHandler                     0x08000279   Thumb Code     0  startup_stm32f407xx.o(.text)
    EXTI1_IRQHandler                         0x08000279   Thumb Code     0  startup_stm32f407xx.o(.text)
    EXTI2_IRQHandler                         0x08000279   Thumb Code     0  startup_stm32f407xx.o(.text)
    EXTI3_IRQHandler                         0x08000279   Thumb Code     0  startup_stm32f407xx.o(.text)
    EXTI4_IRQHandler                         0x08000279   Thumb Code     0  startup_stm32f407xx.o(.text)
    EXTI9_5_IRQHandler                       0x08000279   Thumb Code     0  startup_stm32f407xx.o(.text)
    FLASH_IRQHandler                         0x08000279   Thumb Code     0  startup_stm32f407xx.o(.text)
    FMC_IRQHandler                           0x08000279   Thumb Code     0  startup_stm32f407xx.o(.text)
    FPU_IRQHandler                           0x08000279   Thumb Code     0  startup_stm32f407xx.o(.text)
    HASH_RNG_IRQHandler                      0x08000279   Thumb Code     0  startup_stm32f407xx.o(.text)
    I2C1_ER_IRQHandler                       0x08000279   Thumb Code     0  startup_stm32f407xx.o(.text)
    I2C1_EV_IRQHandler                       0x08000279   Thumb Code     0  startup_stm32f407xx.o(.text)
    I2C2_ER_IRQHandler                       0x08000279   Thumb Code     0  startup_stm32f407xx.o(.text)
    I2C2_EV_IRQHandler                       0x08000279   Thumb Code     0  startup_stm32f407xx.o(.text)
    I2C3_ER_IRQHandler                       0x08000279   Thumb Code     0  startup_stm32f407xx.o(.text)
    I2C3_EV_IRQHandler                       0x08000279   Thumb Code     0  startup_stm32f407xx.o(.text)
    OTG_FS_IRQHandler                        0x08000279   Thumb Code     0  startup_stm32f407xx.o(.text)
    OTG_FS_WKUP_IRQHandler                   0x08000279   Thumb Code     0  startup_stm32f407xx.o(.text)
    OTG_HS_EP1_IN_IRQHandler                 0x08000279   Thumb Code     0  startup_stm32f407xx.o(.text)
    OTG_HS_EP1_OUT_IRQHandler                0x08000279   Thumb Code     0  startup_stm32f407xx.o(.text)
    OTG_HS_IRQHandler                        0x08000279   Thumb Code     0  startup_stm32f407xx.o(.text)
    OTG_HS_WKUP_IRQHandler                   0x08000279   Thumb Code     0  startup_stm32f407xx.o(.text)
    PVD_IRQHandler                           0x08000279   Thumb Code     0  startup_stm32f407xx.o(.text)
    RCC_IRQHandler                           0x08000279   Thumb Code     0  startup_stm32f407xx.o(.text)
    RTC_Alarm_IRQHandler                     0x08000279   Thumb Code     0  startup_stm32f407xx.o(.text)
    RTC_WKUP_IRQHandler                      0x08000279   Thumb Code     0  startup_stm32f407xx.o(.text)
    SDIO_IRQHandler                          0x08000279   Thumb Code     0  startup_stm32f407xx.o(.text)
    SPI1_IRQHandler                          0x08000279   Thumb Code     0  startup_stm32f407xx.o(.text)
    SPI2_IRQHandler                          0x08000279   Thumb Code     0  startup_stm32f407xx.o(.text)
    SPI3_IRQHandler                          0x08000279   Thumb Code     0  startup_stm32f407xx.o(.text)
    TAMP_STAMP_IRQHandler                    0x08000279   Thumb Code     0  startup_stm32f407xx.o(.text)
    TIM1_BRK_TIM9_IRQHandler                 0x08000279   Thumb Code     0  startup_stm32f407xx.o(.text)
    TIM1_CC_IRQHandler                       0x08000279   Thumb Code     0  startup_stm32f407xx.o(.text)
    TIM1_TRG_COM_TIM11_IRQHandler            0x08000279   Thumb Code     0  startup_stm32f407xx.o(.text)
    TIM1_UP_TIM10_IRQHandler                 0x08000279   Thumb Code     0  startup_stm32f407xx.o(.text)
    TIM2_IRQHandler                          0x08000279   Thumb Code     0  startup_stm32f407xx.o(.text)
    TIM3_IRQHandler                          0x08000279   Thumb Code     0  startup_stm32f407xx.o(.text)
    TIM4_IRQHandler                          0x08000279   Thumb Code     0  startup_stm32f407xx.o(.text)
    TIM5_IRQHandler                          0x08000279   Thumb Code     0  startup_stm32f407xx.o(.text)
    TIM6_DAC_IRQHandler                      0x08000279   Thumb Code     0  startup_stm32f407xx.o(.text)
    TIM7_IRQHandler                          0x08000279   Thumb Code     0  startup_stm32f407xx.o(.text)
    TIM8_BRK_TIM12_IRQHandler                0x08000279   Thumb Code     0  startup_stm32f407xx.o(.text)
    TIM8_CC_IRQHandler                       0x08000279   Thumb Code     0  startup_stm32f407xx.o(.text)
    TIM8_TRG_COM_TIM14_IRQHandler            0x08000279   Thumb Code     0  startup_stm32f407xx.o(.text)
    TIM8_UP_TIM13_IRQHandler                 0x08000279   Thumb Code     0  startup_stm32f407xx.o(.text)
    UART4_IRQHandler                         0x08000279   Thumb Code     0  startup_stm32f407xx.o(.text)
    UART5_IRQHandler                         0x08000279   Thumb Code     0  startup_stm32f407xx.o(.text)
    USART2_IRQHandler                        0x08000279   Thumb Code     0  startup_stm32f407xx.o(.text)
    USART3_IRQHandler                        0x08000279   Thumb Code     0  startup_stm32f407xx.o(.text)
    USART6_IRQHandler                        0x08000279   Thumb Code     0  startup_stm32f407xx.o(.text)
    WWDG_IRQHandler                          0x08000279   Thumb Code     0  startup_stm32f407xx.o(.text)
    __user_initial_stackheap                 0x0800027d   Thumb Code     0  startup_stm32f407xx.o(.text)
    __use_no_semihosting                     0x080002a1   Thumb Code     2  use_no_semi_2.o(.text)
    __aeabi_uldivmod                         0x080002a3   Thumb Code     0  lludivv7m.o(.text)
    _ll_udiv                                 0x080002a3   Thumb Code   238  lludivv7m.o(.text)
    __2printf                                0x08000391   Thumb Code    20  noretval__2printf.o(.text)
    __2sprintf                               0x080003a9   Thumb Code    34  noretval__2sprintf.o(.text)
    __printf                                 0x080003d1   Thumb Code   104  __printf.o(.text)
    _printf_str                              0x08000439   Thumb Code    82  _printf_str.o(.text)
    _printf_int_dec                          0x0800048d   Thumb Code   104  _printf_dec.o(.text)
    _printf_int_hex                          0x08000505   Thumb Code    84  _printf_hex_int.o(.text)
    _printf_longlong_hex                     0x08000505   Thumb Code     0  _printf_hex_int.o(.text)
    __0sscanf                                0x0800055d   Thumb Code    52  __0sscanf.o(.text)
    _scanf_int                               0x08000599   Thumb Code   332  _scanf_int.o(.text)
    strstr                                   0x080006e5   Thumb Code    36  strstr.o(.text)
    memcmp                                   0x08000709   Thumb Code    88  memcmp.o(.text)
    strlen                                   0x08000761   Thumb Code    62  strlen.o(.text)
    strncmp                                  0x0800079f   Thumb Code   150  strncmp.o(.text)
    __aeabi_memcpy                           0x08000835   Thumb Code     0  rt_memcpy_v6.o(.text)
    __rt_memcpy                              0x08000835   Thumb Code   138  rt_memcpy_v6.o(.text)
    _memcpy_lastbytes                        0x0800089b   Thumb Code     0  rt_memcpy_v6.o(.text)
    __aeabi_memclr4                          0x080008bf   Thumb Code     0  rt_memclr_w.o(.text)
    __aeabi_memclr8                          0x080008bf   Thumb Code     0  rt_memclr_w.o(.text)
    __rt_memclr_w                            0x080008bf   Thumb Code    78  rt_memclr_w.o(.text)
    _memset_w                                0x080008c3   Thumb Code     0  rt_memclr_w.o(.text)
    __use_two_region_memory                  0x0800090d   Thumb Code     2  heapauxi.o(.text)
    __rt_heap_escrow$2region                 0x0800090f   Thumb Code     2  heapauxi.o(.text)
    __rt_heap_expand$2region                 0x08000911   Thumb Code     2  heapauxi.o(.text)
    __semihosting$guard                      0x08000913   Thumb Code     0  use_no_semi.o(.text)
    __use_no_semihosting_swi                 0x08000913   Thumb Code     2  use_no_semi.o(.text)
    _printf_int_common                       0x08000915   Thumb Code   178  _printf_intcommon.o(.text)
    _printf_char_common                      0x080009d3   Thumb Code    32  _printf_char_common.o(.text)
    _sputc                                   0x080009f9   Thumb Code    10  _sputc.o(.text)
    _printf_cs_common                        0x08000a03   Thumb Code    20  _printf_char.o(.text)
    _printf_char                             0x08000a17   Thumb Code    16  _printf_char.o(.text)
    _printf_string                           0x08000a27   Thumb Code     8  _printf_char.o(.text)
    _printf_char_file                        0x08000a31   Thumb Code    32  _printf_char_file.o(.text)
    _chval                                   0x08000a55   Thumb Code    28  _chval.o(.text)
    __vfscanf_char                           0x08000a7d   Thumb Code    24  scanf_char.o(.text)
    _sgetc                                   0x08000a9d   Thumb Code    30  _sgetc.o(.text)
    _sbackspace                              0x08000abb   Thumb Code    34  _sgetc.o(.text)
    __aeabi_memcpy4                          0x08000add   Thumb Code     0  rt_memcpy_w.o(.text)
    __aeabi_memcpy8                          0x08000add   Thumb Code     0  rt_memcpy_w.o(.text)
    __rt_memcpy_w                            0x08000add   Thumb Code   100  rt_memcpy_w.o(.text)
    _memcpy_lastbytes_aligned                0x08000b25   Thumb Code     0  rt_memcpy_w.o(.text)
    isspace                                  0x08000b41   Thumb Code    18  isspace.o(.text)
    __vfscanf                                0x08000b55   Thumb Code   880  _scanf.o(.text)
    ferror                                   0x08000ec9   Thumb Code     8  ferror.o(.text)
    __user_setup_stackheap                   0x08000ed1   Thumb Code    74  sys_stackheap_outer.o(.text)
    __rt_ctype_table                         0x08000f1d   Thumb Code    16  rt_ctype_table.o(.text)
    exit                                     0x08000f2d   Thumb Code    18  exit.o(.text)
    __user_libspace                          0x08000f41   Thumb Code     8  libspace.o(.text)
    __user_perproc_libspace                  0x08000f41   Thumb Code     0  libspace.o(.text)
    __user_perthread_libspace                0x08000f41   Thumb Code     0  libspace.o(.text)
    __rt_locale                              0x08000f49   Thumb Code     8  rt_locale_intlibspace.o(.text)
    strcmp                                   0x08000f51   Thumb Code   128  strcmpv7m.o(.text)
    BusFault_Handler                         0x08000fd1   Thumb Code     4  stm32f4xx_it.o(i.BusFault_Handler)
    DebugMon_Handler                         0x08000fd5   Thumb Code     2  stm32f4xx_it.o(i.DebugMon_Handler)
    FSMC_NORSRAM_Extended_Timing_Init        0x08000fd9   Thumb Code    66  stm32f4xx_ll_fsmc.o(i.FSMC_NORSRAM_Extended_Timing_Init)
    FSMC_NORSRAM_Init                        0x08001021   Thumb Code    88  stm32f4xx_ll_fsmc.o(i.FSMC_NORSRAM_Init)
    FSMC_NORSRAM_Timing_Init                 0x0800107d   Thumb Code    68  stm32f4xx_ll_fsmc.o(i.FSMC_NORSRAM_Timing_Init)
    HAL_DMA_Abort                            0x080010c1   Thumb Code   170  stm32f4xx_hal_dma.o(i.HAL_DMA_Abort)
    HAL_DMA_Abort_IT                         0x0800116b   Thumb Code    40  stm32f4xx_hal_dma.o(i.HAL_DMA_Abort_IT)
    HAL_GPIO_Init                            0x08001195   Thumb Code   470  stm32f4xx_hal_gpio.o(i.HAL_GPIO_Init)
    HAL_GPIO_ReadPin                         0x08001399   Thumb Code    16  stm32f4xx_hal_gpio.o(i.HAL_GPIO_ReadPin)
    HAL_GPIO_WritePin                        0x080013a9   Thumb Code    12  stm32f4xx_hal_gpio.o(i.HAL_GPIO_WritePin)
    HAL_GetREVID                             0x080013b5   Thumb Code     8  stm32f4xx_hal.o(i.HAL_GetREVID)
    HAL_GetTick                              0x080013c1   Thumb Code     6  stm32f4xx_hal.o(i.HAL_GetTick)
    HAL_IncTick                              0x080013cd   Thumb Code    16  stm32f4xx_hal.o(i.HAL_IncTick)
    HAL_Init                                 0x080013e5   Thumb Code    44  stm32f4xx_hal.o(i.HAL_Init)
    HAL_InitTick                             0x08001415   Thumb Code    64  stm32f4xx_hal.o(i.HAL_InitTick)
    HAL_MspInit                              0x08001461   Thumb Code     2  stm32f4xx_hal.o(i.HAL_MspInit)
    HAL_NVIC_EnableIRQ                       0x08001463   Thumb Code    32  stm32f4xx_hal_cortex.o(i.HAL_NVIC_EnableIRQ)
    HAL_NVIC_SetPriority                     0x08001483   Thumb Code   124  stm32f4xx_hal_cortex.o(i.HAL_NVIC_SetPriority)
    HAL_NVIC_SetPriorityGrouping             0x08001501   Thumb Code    32  stm32f4xx_hal_cortex.o(i.HAL_NVIC_SetPriorityGrouping)
    HAL_RCC_ClockConfig                      0x08001529   Thumb Code   368  stm32f4xx_hal_rcc.o(i.HAL_RCC_ClockConfig)
    HAL_RCC_GetHCLKFreq                      0x080016ad   Thumb Code     6  stm32f4xx_hal_rcc.o(i.HAL_RCC_GetHCLKFreq)
    HAL_RCC_GetPCLK1Freq                     0x080016b9   Thumb Code    22  stm32f4xx_hal_rcc.o(i.HAL_RCC_GetPCLK1Freq)
    HAL_RCC_GetPCLK2Freq                     0x080016d9   Thumb Code    22  stm32f4xx_hal_rcc.o(i.HAL_RCC_GetPCLK2Freq)
    HAL_RCC_GetSysClockFreq                  0x080016f9   Thumb Code   162  stm32f4xx_hal_rcc.o(i.HAL_RCC_GetSysClockFreq)
    HAL_RCC_OscConfig                        0x080017a9   Thumb Code  1172  stm32f4xx_hal_rcc.o(i.HAL_RCC_OscConfig)
    HAL_SRAM_Init                            0x08001c45   Thumb Code    88  stm32f4xx_hal_sram.o(i.HAL_SRAM_Init)
    HAL_SRAM_MspInit                         0x08001c9d   Thumb Code   152  lcd.o(i.HAL_SRAM_MspInit)
    HAL_SYSTICK_Config                       0x08001d41   Thumb Code    52  stm32f4xx_hal_cortex.o(i.HAL_SYSTICK_Config)
    HAL_UARTEx_RxEventCallback               0x08001d75   Thumb Code     2  stm32f4xx_hal_uart.o(i.HAL_UARTEx_RxEventCallback)
    HAL_UART_AbortReceiveCpltCallback        0x08001d77   Thumb Code     2  stm32f4xx_hal_uart.o(i.HAL_UART_AbortReceiveCpltCallback)
    HAL_UART_AbortReceive_IT                 0x08001d79   Thumb Code   142  stm32f4xx_hal_uart.o(i.HAL_UART_AbortReceive_IT)
    HAL_UART_ErrorCallback                   0x08001e0d   Thumb Code     2  stm32f4xx_hal_uart.o(i.HAL_UART_ErrorCallback)
    HAL_UART_IRQHandler                      0x08001e11   Thumb Code   586  stm32f4xx_hal_uart.o(i.HAL_UART_IRQHandler)
    HAL_UART_Init                            0x08002061   Thumb Code   114  stm32f4xx_hal_uart.o(i.HAL_UART_Init)
    HAL_UART_MspInit                         0x080020d5   Thumb Code   190  usart.o(i.HAL_UART_MspInit)
    HAL_UART_Receive_IT                      0x080021a1   Thumb Code    66  stm32f4xx_hal_uart.o(i.HAL_UART_Receive_IT)
    HAL_UART_RxCpltCallback                  0x080021e5   Thumb Code   150  usart.o(i.HAL_UART_RxCpltCallback)
    HAL_UART_TxCpltCallback                  0x08002299   Thumb Code     2  stm32f4xx_hal_uart.o(i.HAL_UART_TxCpltCallback)
    HardFault_Handler                        0x0800229b   Thumb Code     4  stm32f4xx_it.o(i.HardFault_Handler)
    MemManage_Handler                        0x0800229f   Thumb Code     4  stm32f4xx_it.o(i.MemManage_Handler)
    NMI_Handler                              0x080022a3   Thumb Code     2  stm32f4xx_it.o(i.NMI_Handler)
    PendSV_Handler                           0x080022a5   Thumb Code     2  stm32f4xx_it.o(i.PendSV_Handler)
    SVC_Handler                              0x080022a7   Thumb Code     2  stm32f4xx_it.o(i.SVC_Handler)
    SysTick_Handler                          0x080022a9   Thumb Code     8  stm32f4xx_it.o(i.SysTick_Handler)
    SystemInit                               0x080022b1   Thumb Code    14  system_stm32f4xx.o(i.SystemInit)
    UART_Start_Receive_IT                    0x08002635   Thumb Code    70  stm32f4xx_hal_uart.o(i.UART_Start_Receive_IT)
    USART1_IRQHandler                        0x080026dd   Thumb Code    10  usart.o(i.USART1_IRQHandler)
    UsageFault_Handler                       0x080026ed   Thumb Code     4  stm32f4xx_it.o(i.UsageFault_Handler)
    _sys_exit                                0x08002729   Thumb Code     4  usart.o(i._sys_exit)
    delay_init                               0x0800272d   Thumb Code     6  delay.o(i.delay_init)
    delay_ms                                 0x08002739   Thumb Code    18  delay.o(i.delay_ms)
    delay_us                                 0x0800274d   Thumb Code    68  delay.o(i.delay_us)
    fputc                                    0x0800295d   Thumb Code    22  usart.o(i.fputc)
    lcd_clear                                0x08002bcd   Thumb Code    42  lcd.o(i.lcd_clear)
    lcd_color_fill                           0x08002c01   Thumb Code    92  lcd.o(i.lcd_color_fill)
    lcd_display_dir                          0x08002c61   Thumb Code   360  lcd.o(i.lcd_display_dir)
    lcd_draw_circle                          0x08002dcd   Thumb Code   170  lcd.o(i.lcd_draw_circle)
    lcd_draw_hline                           0x08002e79   Thumb Code    52  lcd.o(i.lcd_draw_hline)
    lcd_draw_line                            0x08002eb1   Thumb Code   172  lcd.o(i.lcd_draw_line)
    lcd_draw_point                           0x08002f5d   Thumb Code    26  lcd.o(i.lcd_draw_point)
    lcd_ex_ili9341_reginit                   0x08002f7d   Thumb Code   556  lcd.o(i.lcd_ex_ili9341_reginit)
    lcd_ex_ili9806_reginit                   0x080031a9   Thumb Code   832  lcd.o(i.lcd_ex_ili9806_reginit)
    lcd_ex_nt35310_reginit                   0x080034e9   Thumb Code  3826  lcd.o(i.lcd_ex_nt35310_reginit)
    lcd_ex_nt35510_reginit                   0x080043db   Thumb Code  3950  lcd.o(i.lcd_ex_nt35510_reginit)
    lcd_ex_ssd1963_reginit                   0x08005349   Thumb Code   366  lcd.o(i.lcd_ex_ssd1963_reginit)
    lcd_ex_st7789_reginit                    0x080054b7   Thumb Code   424  lcd.o(i.lcd_ex_st7789_reginit)
    lcd_ex_st7796_reginit                    0x0800565f   Thumb Code   454  lcd.o(i.lcd_ex_st7796_reginit)
    lcd_fill                                 0x08005825   Thumb Code    80  lcd.o(i.lcd_fill)
    lcd_fill_circle                          0x08005879   Thumb Code   176  lcd.o(i.lcd_fill_circle)
    lcd_init                                 0x08005929   Thumb Code  1308  lcd.o(i.lcd_init)
    lcd_scan_dir                             0x08005e75   Thumb Code   568  lcd.o(i.lcd_scan_dir)
    lcd_set_cursor                           0x080060b1   Thumb Code   282  lcd.o(i.lcd_set_cursor)
    lcd_show_char                            0x08006269   Thumb Code   294  lcd.o(i.lcd_show_char)
    lcd_show_string                          0x080063a9   Thumb Code   106  lcd.o(i.lcd_show_string)
    lcd_ssd_backlight_set                    0x08006415   Thumb Code    88  lcd.o(i.lcd_ssd_backlight_set)
    lcd_wr_data                              0x08006475   Thumb Code    18  lcd.o(i.lcd_wr_data)
    lcd_wr_regno                             0x0800648d   Thumb Code    18  lcd.o(i.lcd_wr_regno)
    lcd_write_ram_prepare                    0x080064a5   Thumb Code    10  lcd.o(i.lcd_write_ram_prepare)
    lcd_write_reg                            0x080064b9   Thumb Code    14  lcd.o(i.lcd_write_reg)
    led_init                                 0x080064cd   Thumb Code   142  led.o(i.led_init)
    main                                     0x08006565   Thumb Code   208  main.o(i.main)
    sys_stm32_clock_init                     0x08006a55   Thumb Code   208  sys.o(i.sys_stm32_clock_init)
    usart_init                               0x08006b31   Thumb Code    44  usart.o(i.usart_init)
    _get_lc_ctype                            0x08006b69   Thumb Code    44  lc_ctype_c.o(locale$$code)
    __aeabi_d2uiz                            0x08006b95   Thumb Code     0  dfixu.o(x$fpl$dfixu)
    _dfixu                                   0x08006b95   Thumb Code    90  dfixu.o(x$fpl$dfixu)
    __aeabi_ui2d                             0x08006bef   Thumb Code     0  dflt_clz.o(x$fpl$dfltu)
    _dfltu                                   0x08006bef   Thumb Code    38  dflt_clz.o(x$fpl$dfltu)
    __aeabi_dmul                             0x08006c15   Thumb Code     0  dmul.o(x$fpl$dmul)
    _dmul                                    0x08006c15   Thumb Code   332  dmul.o(x$fpl$dmul)
    __fpl_dnaninf                            0x08006d69   Thumb Code   156  dnaninf.o(x$fpl$dnaninf)
    __fpl_dretinf                            0x08006e05   Thumb Code    12  dretinf.o(x$fpl$dretinf)
    _fp_init                                 0x08006e11   Thumb Code    10  fpinit.o(x$fpl$fpinit)
    __fplib_config_fpu_vfp                   0x08006e19   Thumb Code     0  fpinit.o(x$fpl$fpinit)
    __fplib_config_pureend_doubles           0x08006e19   Thumb Code     0  fpinit.o(x$fpl$fpinit)
    __I$use$fp                               0x08006e1a   Number         0  usenofp.o(x$fpl$usenofp)
    AHBPrescTable                            0x08006e34   Data          16  system_stm32f4xx.o(.constdata)
    APBPrescTable                            0x08006e44   Data           8  system_stm32f4xx.o(.constdata)
    asc2_1206                                0x08006e4c   Data        1140  lcd.o(.constdata)
    asc2_1608                                0x080072c0   Data        1520  lcd.o(.constdata)
    asc2_2412                                0x080078b0   Data        3420  lcd.o(.constdata)
    asc2_3216                                0x0800860c   Data        6080  lcd.o(.constdata)
    Region$$Table$$Base                      0x08009e24   Number         0  anon$$obj.o(Region$$Table)
    Region$$Table$$Limit                     0x08009e44   Number         0  anon$$obj.o(Region$$Table)
    __ctype                                  0x08009e51   Data           0  lc_ctype_c.o(locale$$data)
    SystemCoreClock                          0x20000008   Data           4  system_stm32f4xx.o(.data)
    __stdout                                 0x20000010   Data           4  usart.o(.data)
    g_usart_rx_sta                           0x20000014   Data           2  usart.o(.data)
    g_rx_buffer                              0x20000016   Data           1  usart.o(.data)
    g_rx_mode                                0x20000017   Data           1  usart.o(.data)
    g_img_rx_done                            0x20000018   Data           1  usart.o(.data)
    uwTick                                   0x2000001c   Data           4  stm32f4xx_hal.o(.data)
    uwTickPrio                               0x20000020   Data           4  stm32f4xx_hal.o(.data)
    uwTickFreq                               0x20000024   Data           1  stm32f4xx_hal.o(.data)
    g_point_color                            0x20000028   Data           4  lcd.o(.data)
    g_back_color                             0x2000002c   Data           4  lcd.o(.data)
    g_usart_rx_buf                           0x200003f0   Data         200  usart.o(.bss)
    g_img_buf                                0x200004b8   Data        6144  usart.o(.bss)
    g_uart1_handle                           0x20001cb8   Data          68  usart.o(.bss)
    g_sram_handle                            0x20001cfc   Data          80  lcd.o(.bss)
    lcddev                                   0x20001d4c   Data          14  lcd.o(.bss)
    __libspace_start                         0x20001d5c   Data          96  libspace.o(.bss)
    __temporary_stack_top$libspace           0x20001dbc   Data           0  libspace.o(.bss)



==============================================================================

Memory Map of the image

  Image Entry point : 0x08000189

  Load Region LR_IROM1 (Base: 0x08000000, Size: 0x00009f84, Max: 0x00100000, ABSOLUTE)

    Execution Region ER_IROM1 (Exec base: 0x08000000, Load base: 0x08000000, Size: 0x00009f54, Max: 0x00100000, ABSOLUTE)

    Exec Addr    Load Addr    Size         Type   Attr      Idx    E Section Name        Object

    0x08000000   0x08000000   0x00000188   Data   RO            3    RESET               startup_stm32f407xx.o
    0x08000188   0x08000188   0x00000008   Code   RO         2728  * !!!main             c_w.l(__main.o)
    0x08000190   0x08000190   0x00000034   Code   RO         2948    !!!scatter          c_w.l(__scatter.o)
    0x080001c4   0x080001c4   0x0000001a   Code   RO         2950    !!handler_copy      c_w.l(__scatter_copy.o)
    0x080001de   0x080001de   0x00000002   PAD
    0x080001e0   0x080001e0   0x0000001c   Code   RO         2952    !!handler_zi        c_w.l(__scatter_zi.o)
    0x080001fc   0x080001fc   0x00000000   Code   RO         2709    .ARM.Collect$$_printf_percent$$00000000  c_w.l(_printf_percent.o)
    0x080001fc   0x080001fc   0x00000006   Code   RO         2708    .ARM.Collect$$_printf_percent$$0000000A  c_w.l(_printf_u.o)
    0x08000202   0x08000202   0x00000006   Code   RO         2707    .ARM.Collect$$_printf_percent$$0000000C  c_w.l(_printf_x.o)
    0x08000208   0x08000208   0x00000006   Code   RO         2705    .ARM.Collect$$_printf_percent$$00000013  c_w.l(_printf_c.o)
    0x0800020e   0x0800020e   0x00000006   Code   RO         2706    .ARM.Collect$$_printf_percent$$00000014  c_w.l(_printf_s.o)
    0x08000214   0x08000214   0x00000004   Code   RO         2759    .ARM.Collect$$_printf_percent$$00000017  c_w.l(_printf_percent_end.o)
    0x08000218   0x08000218   0x00000002   Code   RO         2815    .ARM.Collect$$libinit$$00000000  c_w.l(libinit.o)
    0x0800021a   0x0800021a   0x00000004   Code   RO         2835    .ARM.Collect$$libinit$$00000001  c_w.l(libinit2.o)
    0x0800021e   0x0800021e   0x00000000   Code   RO         2838    .ARM.Collect$$libinit$$00000004  c_w.l(libinit2.o)
    0x0800021e   0x0800021e   0x00000000   Code   RO         2841    .ARM.Collect$$libinit$$0000000A  c_w.l(libinit2.o)
    0x0800021e   0x0800021e   0x00000000   Code   RO         2843    .ARM.Collect$$libinit$$0000000C  c_w.l(libinit2.o)
    0x0800021e   0x0800021e   0x00000000   Code   RO         2845    .ARM.Collect$$libinit$$0000000E  c_w.l(libinit2.o)
    0x0800021e   0x0800021e   0x00000006   Code   RO         2846    .ARM.Collect$$libinit$$0000000F  c_w.l(libinit2.o)
    0x08000224   0x08000224   0x00000000   Code   RO         2848    .ARM.Collect$$libinit$$00000011  c_w.l(libinit2.o)
    0x08000224   0x08000224   0x0000000c   Code   RO         2849    .ARM.Collect$$libinit$$00000012  c_w.l(libinit2.o)
    0x08000230   0x08000230   0x00000000   Code   RO         2850    .ARM.Collect$$libinit$$00000013  c_w.l(libinit2.o)
    0x08000230   0x08000230   0x00000000   Code   RO         2852    .ARM.Collect$$libinit$$00000015  c_w.l(libinit2.o)
    0x08000230   0x08000230   0x00000000   Code   RO         2854    .ARM.Collect$$libinit$$00000017  c_w.l(libinit2.o)
    0x08000230   0x08000230   0x00000000   Code   RO         2856    .ARM.Collect$$libinit$$00000019  c_w.l(libinit2.o)
    0x08000230   0x08000230   0x00000000   Code   RO         2858    .ARM.Collect$$libinit$$0000001B  c_w.l(libinit2.o)
    0x08000230   0x08000230   0x00000000   Code   RO         2860    .ARM.Collect$$libinit$$0000001D  c_w.l(libinit2.o)
    0x08000230   0x08000230   0x00000000   Code   RO         2862    .ARM.Collect$$libinit$$0000001F  c_w.l(libinit2.o)
    0x08000230   0x08000230   0x00000000   Code   RO         2864    .ARM.Collect$$libinit$$00000021  c_w.l(libinit2.o)
    0x08000230   0x08000230   0x00000000   Code   RO         2866    .ARM.Collect$$libinit$$00000023  c_w.l(libinit2.o)
    0x08000230   0x08000230   0x00000000   Code   RO         2868    .ARM.Collect$$libinit$$00000025  c_w.l(libinit2.o)
    0x08000230   0x08000230   0x00000000   Code   RO         2872    .ARM.Collect$$libinit$$0000002C  c_w.l(libinit2.o)
    0x08000230   0x08000230   0x00000000   Code   RO         2874    .ARM.Collect$$libinit$$0000002E  c_w.l(libinit2.o)
    0x08000230   0x08000230   0x00000000   Code   RO         2876    .ARM.Collect$$libinit$$00000030  c_w.l(libinit2.o)
    0x08000230   0x08000230   0x00000000   Code   RO         2878    .ARM.Collect$$libinit$$00000032  c_w.l(libinit2.o)
    0x08000230   0x08000230   0x00000002   Code   RO         2879    .ARM.Collect$$libinit$$00000033  c_w.l(libinit2.o)
    0x08000232   0x08000232   0x00000002   Code   RO         2905    .ARM.Collect$$libshutdown$$00000000  c_w.l(libshutdown.o)
    0x08000234   0x08000234   0x00000000   Code   RO         2929    .ARM.Collect$$libshutdown$$00000002  c_w.l(libshutdown2.o)
    0x08000234   0x08000234   0x00000000   Code   RO         2931    .ARM.Collect$$libshutdown$$00000004  c_w.l(libshutdown2.o)
    0x08000234   0x08000234   0x00000000   Code   RO         2933    .ARM.Collect$$libshutdown$$00000006  c_w.l(libshutdown2.o)
    0x08000234   0x08000234   0x00000000   Code   RO         2936    .ARM.Collect$$libshutdown$$00000009  c_w.l(libshutdown2.o)
    0x08000234   0x08000234   0x00000000   Code   RO         2939    .ARM.Collect$$libshutdown$$0000000C  c_w.l(libshutdown2.o)
    0x08000234   0x08000234   0x00000000   Code   RO         2941    .ARM.Collect$$libshutdown$$0000000E  c_w.l(libshutdown2.o)
    0x08000234   0x08000234   0x00000000   Code   RO         2944    .ARM.Collect$$libshutdown$$00000011  c_w.l(libshutdown2.o)
    0x08000234   0x08000234   0x00000002   Code   RO         2945    .ARM.Collect$$libshutdown$$00000012  c_w.l(libshutdown2.o)
    0x08000236   0x08000236   0x00000000   Code   RO         2744    .ARM.Collect$$rtentry$$00000000  c_w.l(__rtentry.o)
    0x08000236   0x08000236   0x00000000   Code   RO         2774    .ARM.Collect$$rtentry$$00000002  c_w.l(__rtentry2.o)
    0x08000236   0x08000236   0x00000006   Code   RO         2786    .ARM.Collect$$rtentry$$00000004  c_w.l(__rtentry4.o)
    0x0800023c   0x0800023c   0x00000000   Code   RO         2776    .ARM.Collect$$rtentry$$00000009  c_w.l(__rtentry2.o)
    0x0800023c   0x0800023c   0x00000004   Code   RO         2777    .ARM.Collect$$rtentry$$0000000A  c_w.l(__rtentry2.o)
    0x08000240   0x08000240   0x00000000   Code   RO         2779    .ARM.Collect$$rtentry$$0000000C  c_w.l(__rtentry2.o)
    0x08000240   0x08000240   0x00000008   Code   RO         2780    .ARM.Collect$$rtentry$$0000000D  c_w.l(__rtentry2.o)
    0x08000248   0x08000248   0x00000002   Code   RO         2819    .ARM.Collect$$rtexit$$00000000  c_w.l(rtexit.o)
    0x0800024a   0x0800024a   0x00000000   Code   RO         2881    .ARM.Collect$$rtexit$$00000002  c_w.l(rtexit2.o)
    0x0800024a   0x0800024a   0x00000004   Code   RO         2882    .ARM.Collect$$rtexit$$00000003  c_w.l(rtexit2.o)
    0x0800024e   0x0800024e   0x00000006   Code   RO         2883    .ARM.Collect$$rtexit$$00000004  c_w.l(rtexit2.o)
    0x08000254   0x08000254   0x0000004c   Code   RO            4    .text               startup_stm32f407xx.o
    0x080002a0   0x080002a0   0x00000002   Code   RO         2646    .text               c_w.l(use_no_semi_2.o)
    0x080002a2   0x080002a2   0x000000ee   Code   RO         2648    .text               c_w.l(lludivv7m.o)
    0x08000390   0x08000390   0x00000018   Code   RO         2654    .text               c_w.l(noretval__2printf.o)
    0x080003a8   0x080003a8   0x00000028   Code   RO         2656    .text               c_w.l(noretval__2sprintf.o)
    0x080003d0   0x080003d0   0x00000068   Code   RO         2658    .text               c_w.l(__printf.o)
    0x08000438   0x08000438   0x00000052   Code   RO         2660    .text               c_w.l(_printf_str.o)
    0x0800048a   0x0800048a   0x00000002   PAD
    0x0800048c   0x0800048c   0x00000078   Code   RO         2662    .text               c_w.l(_printf_dec.o)
    0x08000504   0x08000504   0x00000058   Code   RO         2667    .text               c_w.l(_printf_hex_int.o)
    0x0800055c   0x0800055c   0x0000003c   Code   RO         2710    .text               c_w.l(__0sscanf.o)
    0x08000598   0x08000598   0x0000014c   Code   RO         2712    .text               c_w.l(_scanf_int.o)
    0x080006e4   0x080006e4   0x00000024   Code   RO         2714    .text               c_w.l(strstr.o)
    0x08000708   0x08000708   0x00000058   Code   RO         2716    .text               c_w.l(memcmp.o)
    0x08000760   0x08000760   0x0000003e   Code   RO         2718    .text               c_w.l(strlen.o)
    0x0800079e   0x0800079e   0x00000096   Code   RO         2720    .text               c_w.l(strncmp.o)
    0x08000834   0x08000834   0x0000008a   Code   RO         2722    .text               c_w.l(rt_memcpy_v6.o)
    0x080008be   0x080008be   0x0000004e   Code   RO         2724    .text               c_w.l(rt_memclr_w.o)
    0x0800090c   0x0800090c   0x00000006   Code   RO         2726    .text               c_w.l(heapauxi.o)
    0x08000912   0x08000912   0x00000002   Code   RO         2742    .text               c_w.l(use_no_semi.o)
    0x08000914   0x08000914   0x000000b2   Code   RO         2749    .text               c_w.l(_printf_intcommon.o)
    0x080009c6   0x080009c6   0x00000002   PAD
    0x080009c8   0x080009c8   0x00000030   Code   RO         2751    .text               c_w.l(_printf_char_common.o)
    0x080009f8   0x080009f8   0x0000000a   Code   RO         2753    .text               c_w.l(_sputc.o)
    0x08000a02   0x08000a02   0x0000002c   Code   RO         2755    .text               c_w.l(_printf_char.o)
    0x08000a2e   0x08000a2e   0x00000002   PAD
    0x08000a30   0x08000a30   0x00000024   Code   RO         2757    .text               c_w.l(_printf_char_file.o)
    0x08000a54   0x08000a54   0x0000001c   Code   RO         2760    .text               c_w.l(_chval.o)
    0x08000a70   0x08000a70   0x0000002c   Code   RO         2762    .text               c_w.l(scanf_char.o)
    0x08000a9c   0x08000a9c   0x00000040   Code   RO         2764    .text               c_w.l(_sgetc.o)
    0x08000adc   0x08000adc   0x00000064   Code   RO         2766    .text               c_w.l(rt_memcpy_w.o)
    0x08000b40   0x08000b40   0x00000012   Code   RO         2790    .text               c_w.l(isspace.o)
    0x08000b52   0x08000b52   0x00000002   PAD
    0x08000b54   0x08000b54   0x00000374   Code   RO         2794    .text               c_w.l(_scanf.o)
    0x08000ec8   0x08000ec8   0x00000008   Code   RO         2796    .text               c_w.l(ferror.o)
    0x08000ed0   0x08000ed0   0x0000004a   Code   RO         2800    .text               c_w.l(sys_stackheap_outer.o)
    0x08000f1a   0x08000f1a   0x00000002   PAD
    0x08000f1c   0x08000f1c   0x00000010   Code   RO         2802    .text               c_w.l(rt_ctype_table.o)
    0x08000f2c   0x08000f2c   0x00000012   Code   RO         2804    .text               c_w.l(exit.o)
    0x08000f3e   0x08000f3e   0x00000002   PAD
    0x08000f40   0x08000f40   0x00000008   Code   RO         2816    .text               c_w.l(libspace.o)
    0x08000f48   0x08000f48   0x00000008   Code   RO         2826    .text               c_w.l(rt_locale_intlibspace.o)
    0x08000f50   0x08000f50   0x00000080   Code   RO         2891    .text               c_w.l(strcmpv7m.o)
    0x08000fd0   0x08000fd0   0x00000004   Code   RO          308    i.BusFault_Handler  stm32f4xx_it.o
    0x08000fd4   0x08000fd4   0x00000002   Code   RO          309    i.DebugMon_Handler  stm32f4xx_it.o
    0x08000fd6   0x08000fd6   0x00000002   PAD
    0x08000fd8   0x08000fd8   0x00000048   Code   RO          742    i.FSMC_NORSRAM_Extended_Timing_Init  stm32f4xx_ll_fsmc.o
    0x08001020   0x08001020   0x0000005c   Code   RO          743    i.FSMC_NORSRAM_Init  stm32f4xx_ll_fsmc.o
    0x0800107c   0x0800107c   0x00000044   Code   RO          744    i.FSMC_NORSRAM_Timing_Init  stm32f4xx_ll_fsmc.o
    0x080010c0   0x080010c0   0x000000aa   Code   RO         1189    i.HAL_DMA_Abort     stm32f4xx_hal_dma.o
    0x0800116a   0x0800116a   0x00000028   Code   RO         1190    i.HAL_DMA_Abort_IT  stm32f4xx_hal_dma.o
    0x08001192   0x08001192   0x00000002   PAD
    0x08001194   0x08001194   0x00000204   Code   RO         1295    i.HAL_GPIO_Init     stm32f4xx_hal_gpio.o
    0x08001398   0x08001398   0x00000010   Code   RO         1297    i.HAL_GPIO_ReadPin  stm32f4xx_hal_gpio.o
    0x080013a8   0x080013a8   0x0000000c   Code   RO         1299    i.HAL_GPIO_WritePin  stm32f4xx_hal_gpio.o
    0x080013b4   0x080013b4   0x0000000c   Code   RO          872    i.HAL_GetREVID      stm32f4xx_hal.o
    0x080013c0   0x080013c0   0x0000000c   Code   RO          873    i.HAL_GetTick       stm32f4xx_hal.o
    0x080013cc   0x080013cc   0x00000018   Code   RO          879    i.HAL_IncTick       stm32f4xx_hal.o
    0x080013e4   0x080013e4   0x00000030   Code   RO          880    i.HAL_Init          stm32f4xx_hal.o
    0x08001414   0x08001414   0x0000004c   Code   RO          881    i.HAL_InitTick      stm32f4xx_hal.o
    0x08001460   0x08001460   0x00000002   Code   RO          883    i.HAL_MspInit       stm32f4xx_hal.o
    0x08001462   0x08001462   0x00000020   Code   RO         1051    i.HAL_NVIC_EnableIRQ  stm32f4xx_hal_cortex.o
    0x08001482   0x08001482   0x0000007c   Code   RO         1057    i.HAL_NVIC_SetPriority  stm32f4xx_hal_cortex.o
    0x080014fe   0x080014fe   0x00000002   PAD
    0x08001500   0x08001500   0x00000028   Code   RO         1058    i.HAL_NVIC_SetPriorityGrouping  stm32f4xx_hal_cortex.o
    0x08001528   0x08001528   0x00000184   Code   RO         1359    i.HAL_RCC_ClockConfig  stm32f4xx_hal_rcc.o
    0x080016ac   0x080016ac   0x0000000c   Code   RO         1364    i.HAL_RCC_GetHCLKFreq  stm32f4xx_hal_rcc.o
    0x080016b8   0x080016b8   0x00000020   Code   RO         1366    i.HAL_RCC_GetPCLK1Freq  stm32f4xx_hal_rcc.o
    0x080016d8   0x080016d8   0x00000020   Code   RO         1367    i.HAL_RCC_GetPCLK2Freq  stm32f4xx_hal_rcc.o
    0x080016f8   0x080016f8   0x000000b0   Code   RO         1368    i.HAL_RCC_GetSysClockFreq  stm32f4xx_hal_rcc.o
    0x080017a8   0x080017a8   0x0000049c   Code   RO         1371    i.HAL_RCC_OscConfig  stm32f4xx_hal_rcc.o
    0x08001c44   0x08001c44   0x00000058   Code   RO          618    i.HAL_SRAM_Init     stm32f4xx_hal_sram.o
    0x08001c9c   0x08001c9c   0x000000a4   Code   RO         2362    i.HAL_SRAM_MspInit  lcd.o
    0x08001d40   0x08001d40   0x00000034   Code   RO         1062    i.HAL_SYSTICK_Config  stm32f4xx_hal_cortex.o
    0x08001d74   0x08001d74   0x00000002   Code   RO         1965    i.HAL_UARTEx_RxEventCallback  stm32f4xx_hal_uart.o
    0x08001d76   0x08001d76   0x00000002   Code   RO         1969    i.HAL_UART_AbortReceiveCpltCallback  stm32f4xx_hal_uart.o
    0x08001d78   0x08001d78   0x00000094   Code   RO         1970    i.HAL_UART_AbortReceive_IT  stm32f4xx_hal_uart.o
    0x08001e0c   0x08001e0c   0x00000002   Code   RO         1979    i.HAL_UART_ErrorCallback  stm32f4xx_hal_uart.o
    0x08001e0e   0x08001e0e   0x00000002   PAD
    0x08001e10   0x08001e10   0x00000250   Code   RO         1982    i.HAL_UART_IRQHandler  stm32f4xx_hal_uart.o
    0x08002060   0x08002060   0x00000072   Code   RO         1983    i.HAL_UART_Init     stm32f4xx_hal_uart.o
    0x080020d2   0x080020d2   0x00000002   PAD
    0x080020d4   0x080020d4   0x000000cc   Code   RO          537    i.HAL_UART_MspInit  usart.o
    0x080021a0   0x080021a0   0x00000042   Code   RO         1988    i.HAL_UART_Receive_IT  stm32f4xx_hal_uart.o
    0x080021e2   0x080021e2   0x00000002   PAD
    0x080021e4   0x080021e4   0x000000b4   Code   RO          538    i.HAL_UART_RxCpltCallback  usart.o
    0x08002298   0x08002298   0x00000002   Code   RO         1994    i.HAL_UART_TxCpltCallback  stm32f4xx_hal_uart.o
    0x0800229a   0x0800229a   0x00000004   Code   RO          310    i.HardFault_Handler  stm32f4xx_it.o
    0x0800229e   0x0800229e   0x00000004   Code   RO          311    i.MemManage_Handler  stm32f4xx_it.o
    0x080022a2   0x080022a2   0x00000002   Code   RO          312    i.NMI_Handler       stm32f4xx_it.o
    0x080022a4   0x080022a4   0x00000002   Code   RO          313    i.PendSV_Handler    stm32f4xx_it.o
    0x080022a6   0x080022a6   0x00000002   Code   RO          314    i.SVC_Handler       stm32f4xx_it.o
    0x080022a8   0x080022a8   0x00000008   Code   RO          315    i.SysTick_Handler   stm32f4xx_it.o
    0x080022b0   0x080022b0   0x00000014   Code   RO          384    i.SystemInit        system_stm32f4xx.o
    0x080022c4   0x080022c4   0x00000014   Code   RO         1996    i.UART_DMAAbortOnError  stm32f4xx_hal_uart.o
    0x080022d8   0x080022d8   0x0000001c   Code   RO         2001    i.UART_DMARxOnlyAbortCallback  stm32f4xx_hal_uart.o
    0x080022f4   0x080022f4   0x00000036   Code   RO         2006    i.UART_EndRxTransfer  stm32f4xx_hal_uart.o
    0x0800232a   0x0800232a   0x00000020   Code   RO         2007    i.UART_EndTransmit_IT  stm32f4xx_hal_uart.o
    0x0800234a   0x0800234a   0x000000be   Code   RO         2009    i.UART_Receive_IT   stm32f4xx_hal_uart.o
    0x08002408   0x08002408   0x0000022c   Code   RO         2010    i.UART_SetConfig    stm32f4xx_hal_uart.o
    0x08002634   0x08002634   0x00000046   Code   RO         2012    i.UART_Start_Receive_IT  stm32f4xx_hal_uart.o
    0x0800267a   0x0800267a   0x00000060   Code   RO         2013    i.UART_Transmit_IT  stm32f4xx_hal_uart.o
    0x080026da   0x080026da   0x00000002   PAD
    0x080026dc   0x080026dc   0x00000010   Code   RO          539    i.USART1_IRQHandler  usart.o
    0x080026ec   0x080026ec   0x00000004   Code   RO          316    i.UsageFault_Handler  stm32f4xx_it.o
    0x080026f0   0x080026f0   0x00000010   Code   RO         1064    i.__NVIC_GetPriorityGrouping  stm32f4xx_hal_cortex.o
    0x08002700   0x08002700   0x00000028   Code   RO         1065    i.__NVIC_SetPriority  stm32f4xx_hal_cortex.o
    0x08002728   0x08002728   0x00000004   Code   RO          541    i._sys_exit         usart.o
    0x0800272c   0x0800272c   0x0000000c   Code   RO          421    i.delay_init        delay.o
    0x08002738   0x08002738   0x00000012   Code   RO          422    i.delay_ms          delay.o
    0x0800274a   0x0800274a   0x00000002   PAD
    0x0800274c   0x0800274c   0x00000048   Code   RO          423    i.delay_us          delay.o
    0x08002794   0x08002794   0x000001c8   Code   RO           13    i.display_action    main.o
    0x0800295c   0x0800295c   0x0000001c   Code   RO          543    i.fputc             usart.o
    0x08002978   0x08002978   0x00000154   Code   RO           14    i.handle_img_header  main.o
    0x08002acc   0x08002acc   0x00000032   Code   RO           15    i.hex_value         main.o
    0x08002afe   0x08002afe   0x00000002   PAD
    0x08002b00   0x08002b00   0x00000050   Code   RO           16    i.key0_init         main.o
    0x08002b50   0x08002b50   0x0000007c   Code   RO           17    i.key0_poll         main.o
    0x08002bcc   0x08002bcc   0x00000034   Code   RO         2363    i.lcd_clear         lcd.o
    0x08002c00   0x08002c00   0x00000060   Code   RO         2364    i.lcd_color_fill    lcd.o
    0x08002c60   0x08002c60   0x0000016c   Code   RO         2365    i.lcd_display_dir   lcd.o
    0x08002dcc   0x08002dcc   0x000000aa   Code   RO         2368    i.lcd_draw_circle   lcd.o
    0x08002e76   0x08002e76   0x00000002   PAD
    0x08002e78   0x08002e78   0x00000038   Code   RO         2369    i.lcd_draw_hline    lcd.o
    0x08002eb0   0x08002eb0   0x000000ac   Code   RO         2370    i.lcd_draw_line     lcd.o
    0x08002f5c   0x08002f5c   0x00000020   Code   RO         2371    i.lcd_draw_point    lcd.o
    0x08002f7c   0x08002f7c   0x0000022c   Code   RO         2373    i.lcd_ex_ili9341_reginit  lcd.o
    0x080031a8   0x080031a8   0x00000340   Code   RO         2374    i.lcd_ex_ili9806_reginit  lcd.o
    0x080034e8   0x080034e8   0x00000ef2   Code   RO         2375    i.lcd_ex_nt35310_reginit  lcd.o
    0x080043da   0x080043da   0x00000f6e   Code   RO         2376    i.lcd_ex_nt35510_reginit  lcd.o
    0x08005348   0x08005348   0x0000016e   Code   RO         2377    i.lcd_ex_ssd1963_reginit  lcd.o
    0x080054b6   0x080054b6   0x000001a8   Code   RO         2378    i.lcd_ex_st7789_reginit  lcd.o
    0x0800565e   0x0800565e   0x000001c6   Code   RO         2379    i.lcd_ex_st7796_reginit  lcd.o
    0x08005824   0x08005824   0x00000054   Code   RO         2380    i.lcd_fill          lcd.o
    0x08005878   0x08005878   0x000000b0   Code   RO         2381    i.lcd_fill_circle   lcd.o
    0x08005928   0x08005928   0x00000528   Code   RO         2382    i.lcd_init          lcd.o
    0x08005e50   0x08005e50   0x0000000c   Code   RO         2383    i.lcd_opt_delay     lcd.o
    0x08005e5c   0x08005e5c   0x00000018   Code   RO         2385    i.lcd_rd_data       lcd.o
    0x08005e74   0x08005e74   0x0000023c   Code   RO         2387    i.lcd_scan_dir      lcd.o
    0x080060b0   0x080060b0   0x00000120   Code   RO         2388    i.lcd_set_cursor    lcd.o
    0x080061d0   0x080061d0   0x00000098   Code   RO           18    i.lcd_show_bitmap_1bpp  main.o
    0x08006268   0x08006268   0x00000140   Code   RO         2390    i.lcd_show_char     lcd.o
    0x080063a8   0x080063a8   0x0000006a   Code   RO         2392    i.lcd_show_string   lcd.o
    0x08006412   0x08006412   0x00000002   PAD
    0x08006414   0x08006414   0x00000060   Code   RO         2394    i.lcd_ssd_backlight_set  lcd.o
    0x08006474   0x08006474   0x00000018   Code   RO         2395    i.lcd_wr_data       lcd.o
    0x0800648c   0x0800648c   0x00000018   Code   RO         2396    i.lcd_wr_regno      lcd.o
    0x080064a4   0x080064a4   0x00000014   Code   RO         2397    i.lcd_write_ram_prepare  lcd.o
    0x080064b8   0x080064b8   0x00000014   Code   RO         2398    i.lcd_write_reg     lcd.o
    0x080064cc   0x080064cc   0x00000098   Code   RO         2623    i.led_init          led.o
    0x08006564   0x08006564   0x00000124   Code   RO           19    i.main              main.o
    0x08006688   0x08006688   0x000000c8   Code   RO           20    i.parse_and_display  main.o
    0x08006750   0x08006750   0x00000304   Code   RO           21    i.process_frame     main.o
    0x08006a54   0x08006a54   0x000000dc   Code   RO          470    i.sys_stm32_clock_init  sys.o
    0x08006b30   0x08006b30   0x00000038   Code   RO          544    i.usart_init        usart.o
    0x08006b68   0x08006b68   0x0000002c   Code   RO         2829    locale$$code        c_w.l(lc_ctype_c.o)
    0x08006b94   0x08006b94   0x0000005a   Code   RO         2730    x$fpl$dfixu         fz_wm.l(dfixu.o)
    0x08006bee   0x08006bee   0x00000026   Code   RO         2734    x$fpl$dfltu         fz_wm.l(dflt_clz.o)
    0x08006c14   0x08006c14   0x00000154   Code   RO         2740    x$fpl$dmul          fz_wm.l(dmul.o)
    0x08006d68   0x08006d68   0x0000009c   Code   RO         2768    x$fpl$dnaninf       fz_wm.l(dnaninf.o)
    0x08006e04   0x08006e04   0x0000000c   Code   RO         2770    x$fpl$dretinf       fz_wm.l(dretinf.o)
    0x08006e10   0x08006e10   0x0000000a   Code   RO         2895    x$fpl$fpinit        fz_wm.l(fpinit.o)
    0x08006e1a   0x08006e1a   0x00000000   Code   RO         2772    x$fpl$usenofp       fz_wm.l(usenofp.o)
    0x08006e1a   0x08006e1a   0x00000002   PAD
    0x08006e1c   0x08006e1c   0x00000018   Data   RO           23    .constdata          main.o
    0x08006e34   0x08006e34   0x00000018   Data   RO          385    .constdata          system_stm32f4xx.o
    0x08006e4c   0x08006e4c   0x00002f80   Data   RO         2400    .constdata          lcd.o
    0x08009dcc   0x08009dcc   0x00000028   Data   RO         2668    .constdata          c_w.l(_printf_hex_int.o)
    0x08009df4   0x08009df4   0x0000002e   Data   RO           24    .conststring        main.o
    0x08009e22   0x08009e22   0x00000002   PAD
    0x08009e24   0x08009e24   0x00000020   Data   RO         2946    Region$$Table       anon$$obj.o
    0x08009e44   0x08009e44   0x00000110   Data   RO         2828    locale$$data        c_w.l(lc_ctype_c.o)


    Execution Region RW_IRAM1 (Exec base: 0x20000000, Load base: 0x08009f54, Size: 0x000021c0, Max: 0x00020000, ABSOLUTE)

    Exec Addr    Load Addr    Size         Type   Attr      Idx    E Section Name        Object

    0x20000000   0x08009f54   0x00000008   Data   RW           25    .data               main.o
    0x20000008   0x08009f5c   0x00000004   Data   RW          386    .data               system_stm32f4xx.o
    0x2000000c   0x08009f60   0x00000004   Data   RW          424    .data               delay.o
    0x20000010   0x08009f64   0x00000009   Data   RW          546    .data               usart.o
    0x20000019   0x08009f6d   0x00000003   PAD
    0x2000001c   0x08009f70   0x00000009   Data   RW          887    .data               stm32f4xx_hal.o
    0x20000025   0x08009f79   0x00000003   PAD
    0x20000028   0x08009f7c   0x00000008   Data   RW         2401    .data               lcd.o
    0x20000030        -       0x000003c0   Zero   RW           22    .bss                main.o
    0x200003f0        -       0x0000190c   Zero   RW          545    .bss                usart.o
    0x20001cfc        -       0x0000005e   Zero   RW         2399    .bss                lcd.o
    0x20001d5a   0x08009f84   0x00000002   PAD
    0x20001d5c        -       0x00000060   Zero   RW         2817    .bss                c_w.l(libspace.o)
    0x20001dbc   0x08009f84   0x00000004   PAD
    0x20001dc0        -       0x00000000   Zero   RW            2    HEAP                startup_stm32f407xx.o
    0x20001dc0        -       0x00000400   Zero   RW            1    STACK               startup_stm32f407xx.o


==============================================================================

Image component sizes


      Code (inc. data)   RO Data    RW Data    ZI Data      Debug   Object Name

       102         10          0          4          0       2107   delay.o
     14600        194      12160          8         94      31156   lcd.o
       152         10          0          0          0       1019   led.o
      2466        312         70          8        960     679131   main.o
        76         28        392          0       1024       1016   startup_stm32f407xx.o
       174         34          0          9          0      10218   stm32f4xx_hal.o
       304         22          0          0          0      34807   stm32f4xx_hal_cortex.o
       210          0          0          0          0       2099   stm32f4xx_hal_dma.o
       544         46          0          0          0       2971   stm32f4xx_hal_gpio.o
      1820         84          0          0          0       5956   stm32f4xx_hal_rcc.o
        88          0          0          0          0       1304   stm32f4xx_hal_sram.o
      1974         22          0          0          0      12547   stm32f4xx_hal_uart.o
        32          0          0          0          0       4574   stm32f4xx_it.o
       232         10          0          0          0       2919   stm32f4xx_ll_fsmc.o
       220         12          0          0          0       1431   sys.o
        20          6         24          4          0       1483   system_stm32f4xx.o
       488         68          0          9       6412       7139   usart.o

    ----------------------------------------------------------------------
     23524        858      12680         48       8492     801877   Object Totals
         0          0         32          0          0          0   (incl. Generated)
        22          0          2          6          2          0   (incl. Padding)

    ----------------------------------------------------------------------

      Code (inc. data)   RO Data    RW Data    ZI Data      Debug   Library Member Name

        60          8          0          0          0         84   __0sscanf.o
         8          0          0          0          0         68   __main.o
       104          0          0          0          0         84   __printf.o
         0          0          0          0          0          0   __rtentry.o
        12          0          0          0          0          0   __rtentry2.o
         6          0          0          0          0          0   __rtentry4.o
        52          8          0          0          0          0   __scatter.o
        26          0          0          0          0          0   __scatter_copy.o
        28          0          0          0          0          0   __scatter_zi.o
        28          0          0          0          0         68   _chval.o
         6          0          0          0          0          0   _printf_c.o
        44          0          0          0          0        108   _printf_char.o
        48          6          0          0          0         96   _printf_char_common.o
        36          4          0          0          0         80   _printf_char_file.o
       120         16          0          0          0         92   _printf_dec.o
        88          4         40          0          0         88   _printf_hex_int.o
       178          0          0          0          0         88   _printf_intcommon.o
         0          0          0          0          0          0   _printf_percent.o
         4          0          0          0          0          0   _printf_percent_end.o
         6          0          0          0          0          0   _printf_s.o
        82          0          0          0          0         80   _printf_str.o
         6          0          0          0          0          0   _printf_u.o
         6          0          0          0          0          0   _printf_x.o
       884          4          0          0          0        100   _scanf.o
       332          0          0          0          0         96   _scanf_int.o
        64          0          0          0          0         84   _sgetc.o
        10          0          0          0          0         68   _sputc.o
        18          0          0          0          0         80   exit.o
         8          0          0          0          0         68   ferror.o
         6          0          0          0          0        152   heapauxi.o
        18          0          0          0          0         76   isspace.o
        44         10        272          0          0         76   lc_ctype_c.o
         2          0          0          0          0          0   libinit.o
        24          0          0          0          0          0   libinit2.o
         2          0          0          0          0          0   libshutdown.o
         2          0          0          0          0          0   libshutdown2.o
         8          4          0          0         96         68   libspace.o
       238          0          0          0          0        100   lludivv7m.o
        88          0          0          0          0         76   memcmp.o
        24          4          0          0          0         84   noretval__2printf.o
        40          6          0          0          0         84   noretval__2sprintf.o
        16          4          0          0          0         76   rt_ctype_table.o
         8          4          0          0          0         68   rt_locale_intlibspace.o
        78          0          0          0          0         80   rt_memclr_w.o
       138          0          0          0          0         68   rt_memcpy_v6.o
       100          0          0          0          0         80   rt_memcpy_w.o
         2          0          0          0          0          0   rtexit.o
        10          0          0          0          0          0   rtexit2.o
        44          8          0          0          0         84   scanf_char.o
       128          0          0          0          0         68   strcmpv7m.o
        62          0          0          0          0         76   strlen.o
       150          0          0          0          0         80   strncmp.o
        36          0          0          0          0         80   strstr.o
        74          0          0          0          0         80   sys_stackheap_outer.o
         2          0          0          0          0         68   use_no_semi.o
         2          0          0          0          0         68   use_no_semi_2.o
        90          4          0          0          0        140   dfixu.o
        38          0          0          0          0        116   dflt_clz.o
       340         12          0          0          0        152   dmul.o
       156          4          0          0          0        140   dnaninf.o
        12          0          0          0          0        116   dretinf.o
        10          0          0          0          0        116   fpinit.o
         0          0          0          0          0          0   usenofp.o

    ----------------------------------------------------------------------
      4272        110        312          0        100       3904   Library Totals
        16          0          0          0          4          0   (incl. Padding)

    ----------------------------------------------------------------------

      Code (inc. data)   RO Data    RW Data    ZI Data      Debug   Library Name

      3610         90        312          0         96       3124   c_w.l
       646         20          0          0          0        780   fz_wm.l

    ----------------------------------------------------------------------
      4272        110        312          0        100       3904   Library Totals

    ----------------------------------------------------------------------

==============================================================================


      Code (inc. data)   RO Data    RW Data    ZI Data      Debug   

     27796        968      12992         48       8592     794013   Grand Totals
     27796        968      12992         48       8592     794013   ELF Image Totals
     27796        968      12992         48          0          0   ROM Totals

==============================================================================

    Total RO  Size (Code + RO Data)                40788 (  39.83kB)
    Total RW  Size (RW Data + ZI Data)              8640 (   8.44kB)
    Total ROM Size (Code + RO Data + RW Data)      40836 (  39.88kB)

==============================================================================

